 ads_com

 Timestamp is 5ab002fa (Mon Mar 19 19:35:38 2018)

 Preferred load address is 10000000

 Start         Length     Name                   Class
 0001:00000000 00000190H .text$di                CODE
 0001:00000190 0003d635H .text$mn                CODE
 0001:0003d7c5 0000110bH .text$x                 CODE
 0001:0003e8d0 00000088H .text$yd                CODE
 0002:00000000 000001e0H .idata$5                DATA
 0002:000001e0 00000004H .00cfg                  DATA
 0002:000001e4 00000004H .CRT$XCA                DATA
 0002:000001e8 00000034H .CRT$XCC                DATA
 0002:0000021c 00000008H .CRT$XCL                DATA
 0002:00000224 00000010H .CRT$XCU                DATA
 0002:00000234 00000004H .CRT$XCZ                DATA
 0002:00000238 00000004H .CRT$XIA                DATA
 0002:0000023c 00000018H .CRT$XIC                DATA
 0002:00000254 00000004H .CRT$XIZ                DATA
 0002:00000258 00000004H .CRT$XLA                DATA
 0002:0000025c 00000004H .CRT$XLZ                DATA
 0002:00000260 00000004H .CRT$XPA                DATA
 0002:00000264 00000004H .CRT$XPB                DATA
 0002:00000268 00000008H .CRT$XPX                DATA
 0002:00000270 00000004H .CRT$XPXA               DATA
 0002:00000274 00000004H .CRT$XPZ                DATA
 0002:00000278 00000004H .CRT$XTA                DATA
 0002:0000027c 00000004H .CRT$XTZ                DATA
 0002:00000280 00000000H .gfids$y                DATA
 0002:00000280 0000dd54H .rdata                  DATA
 0002:0000dfd4 00000018H .rdata$T                DATA
 0002:0000dfec 00002214H .rdata$r                DATA
 0002:00010200 000001b4H .rdata$sxdata           DATA
 0002:000103b4 00000460H .rdata$zzzdbg           DATA
 0002:00010814 00000004H .rtc$IAA                DATA
 0002:00010818 00000004H .rtc$IZZ                DATA
 0002:0001081c 00000004H .rtc$TAA                DATA
 0002:00010820 00000004H .rtc$TZZ                DATA
 0002:00010824 00000004H .tls                    DATA
 0002:00010828 00000004H .tls$                   DATA
 0002:0001082c 00000004H .tls$ZZZ                DATA
 0002:00010830 00002164H .xdata$x                DATA
 0002:00012994 00000020H .didat$2                DATA
 0002:000129b4 00000020H .didat$3                DATA
 0002:000129d4 000000d0H .didat$4                DATA
 0002:00012aa4 00000c44H .didat$6                DATA
 0002:000136e8 000000d8H .didat$7                DATA
 0002:000137c0 00000054H .edata                  DATA
 0002:00013814 00000028H .idata$2                DATA
 0002:0001383c 00000014H .idata$3                DATA
 0002:00013850 000001e0H .idata$4                DATA
 0002:00013a30 000008faH .idata$6                DATA
 0003:00000000 00000aa8H .data                   DATA
 0003:00000aa8 00001614H .data$r                 DATA
 0003:000020bc 000000d4H .didat$5                DATA
 0003:00002190 00001144H .bss                    DATA
 0004:00000000 00000060H .rsrc$01                DATA
 0004:00000060 00000180H .rsrc$02                DATA

  Address         Publics by Value              Rva+Base       Lib:Object

 0000:00000000       __except_list              00000000     <absolute>
 0000:00000000       ___guard_fids_count        00000000     <absolute>
 0000:00000000       ___enclave_config          00000000     <absolute>
 0000:00000000       ___guard_fids_table        00000000     <absolute>
 0000:00000000       ___guard_longjmp_count     00000000     <absolute>
 0000:00000000       ___hybrid_auxiliary_iat    00000000     <absolute>
 0000:00000000       ___hybrid_code_map_count   00000000     <absolute>
 0000:00000000       ___dynamic_value_reloc_table 00000000     <absolute>
 0000:00000000       ___guard_iat_count         00000000     <absolute>
 0000:00000000       ___hybrid_code_map         00000000     <absolute>
 0000:00000000       ___guard_iat_table         00000000     <absolute>
 0000:00000000       ___guard_longjmp_table     00000000     <absolute>
 0000:0000002c       __tls_array                0000002c     <absolute>
 0000:0000006d       ___safe_se_handler_count   0000006d     <absolute>
 0000:00000100       ___guard_flags             00000100     <absolute>
 0000:00000000       ___ImageBase               10000000     <linker-defined>
 0001:00000190       ___local_stdio_printf_options 10001190 f i ads-com.obj
 0001:000001a0       _sprintf_s                 100011a0 f i ads-com.obj
 0001:000001e0       ?what@exception@stdext@@UBEPBDXZ 100011e0 f i ads-com.obj
 0001:000001f0       ?_Raise@exception@stdext@@QBEXXZ 100011f0 f i ads-com.obj
 0001:00000220       ?RMAwaken@InternalContextBase@details@Concurrency@@EAEXXZ 10001220 f i libconcrt:InternalContextBase.obj
 0001:00000220       ?destroy@stl_condition_variable_vista@details@Concurrency@@UAEXXZ 10001220 f i libcpmt:cond.obj
 0001:00000220       ??3@YAXPAX0@Z              10001220 f i libcpmt:cond.obj
 0001:00000220       ?_Doraise@exception@stdext@@MBEXXZ 10001220 f i ads-com.obj
 0001:00000220       ?Destroy@WaitAnyBlock@details@Concurrency@@UAEXXZ 10001220 f i libconcrt:event.obj
 0001:00000220       ?_Unlock@?$basic_streambuf@DU?$char_traits@D@std@@@std@@UAEXXZ 10001220 f i libcpmt:cout.obj
 0001:00000220       ?_Lock@?$basic_streambuf@DU?$char_traits@D@std@@@std@@UAEXXZ 10001220 f i libcpmt:cout.obj
 0001:00000220       ?NotifyAffinitizedWork@FairScheduleGroupSegment@details@Concurrency@@UAEXXZ 10001220 f i libconcrt:SchedulerBase.obj
 0001:00000220       ?destroy@stl_condition_variable_win7@details@Concurrency@@UAEXXZ 10001220 f i libcpmt:cond.obj
 0001:00000220       @_guard_check_icall_nop@4  10001220 f i LIBCMT:guard_support.obj
 0001:00000220       ??1critical_section@Concurrency@@QAE@XZ 10001220 f i libconcrt:rtlocks.obj
 0001:00000220       ?destroy@stl_critical_section_win7@details@Concurrency@@UAEXXZ 10001220 f i libcpmt:mutex.obj
 0001:00000230       ??_Gruntime_error@std@@UAEPAXI@Z 10001230 f i ads-com.obj
 0001:00000230       ??_Gexception@stdext@@UAEPAXI@Z 10001230 f i ads-com.obj
 0001:00000230       ??_Eexception@stdext@@UAEPAXI@Z 10001230 f i * CIL library *:* CIL module *
 0001:00000230       ??_Eruntime_error@std@@UAEPAXI@Z 10001230 f i * CIL library *:* CIL module *
 0001:00000260       ??0runtime_error@std@@QAE@PBD@Z 10001260 f i ads-com.obj
 0001:00000280       ??0_Locinfo@std@@QAE@PBD@Z 10001280 f i ads-com.obj
 0001:00000300       ??1_Locinfo@std@@QAE@XZ    10001300 f i ads-com.obj
 0001:000003a0       ??_E_Facet_base@std@@UAEPAXI@Z 100013a0 f i * CIL library *:* CIL module *
 0001:000003a0       ??_G_Facet_base@std@@UAEPAXI@Z 100013a0 f i ads-com.obj
 0001:000003d0       ??Bid@locale@std@@QAEIXZ   100013d0 f i ads-com.obj
 0001:00000410       ?_Incref@facet@locale@std@@UAEXXZ 10001410 f i ads-com.obj
 0001:00000420       ?_Decref@facet@locale@std@@UAEPAV_Facet_base@3@XZ 10001420 f i ads-com.obj
 0001:00000440       ??0locale@std@@QAE@ABV01@@Z 10001440 f i ads-com.obj
 0001:00000460       ??1locale@std@@QAE@XZ      10001460 f i ads-com.obj
 0001:00000480       ?_Getfacet@locale@std@@QBEPBVfacet@12@I@Z 10001480 f i ads-com.obj
 0001:000004c0       ?do_tolower@?$ctype@D@std@@MBEDD@Z 100014c0 f i ads-com.obj
 0001:000004e0       ?do_tolower@?$ctype@D@std@@MBEPBDPADPBD@Z 100014e0 f i ads-com.obj
 0001:00000520       ?do_toupper@?$ctype@D@std@@MBEDD@Z 10001520 f i ads-com.obj
 0001:00000540       ?do_toupper@?$ctype@D@std@@MBEPBDPADPBD@Z 10001540 f i ads-com.obj
 0001:00000580       ?do_widen@?$ctype@D@std@@MBEDD@Z 10001580 f i ads-com.obj
 0001:00000590       ?do_widen@?$ctype@D@std@@MBEPBDPBD0PAD@Z 10001590 f i ads-com.obj
 0001:000005b0       ?do_narrow@?$ctype@D@std@@MBEDDD@Z 100015b0 f i ads-com.obj
 0001:000005c0       ?do_narrow@?$ctype@D@std@@MBEPBDPBD0DPAD@Z 100015c0 f i ads-com.obj
 0001:000005e0       ??_E?$ctype@D@std@@MAEPAXI@Z 100015e0 f i * CIL library *:* CIL module *
 0001:000005e0       ??_G?$ctype@D@std@@MAEPAXI@Z 100015e0 f i ads-com.obj
 0001:00000630       ??_Gerror_category@std@@UAEPAXI@Z 10001630 f i ads-com.obj
 0001:00000630       ??_Eerror_category@std@@UAEPAXI@Z 10001630 f i * CIL library *:* CIL module *
 0001:00000630       ??_G_Generic_error_category@std@@UAEPAXI@Z 10001630 f i ads-com.obj
 0001:00000630       ??_G_Iostream_error_category@std@@UAEPAXI@Z 10001630 f i ads-com.obj
 0001:00000630       ??_E_Iostream_error_category@std@@UAEPAXI@Z 10001630 f i * CIL library *:* CIL module *
 0001:00000630       ??_E_Generic_error_category@std@@UAEPAXI@Z 10001630 f i * CIL library *:* CIL module *
 0001:00000660       ?default_error_condition@error_category@std@@UBE?AVerror_condition@2@H@Z 10001660 f i ads-com.obj
 0001:00000670       ?equivalent@error_category@std@@UBE_NHABVerror_condition@2@@Z 10001670 f i ads-com.obj
 0001:000006d0       ?equivalent@error_category@std@@UBE_NABVerror_code@2@H@Z 100016d0 f i ads-com.obj
 0001:00000700       ?make_error_code@std@@YA?AVerror_code@1@W4errc@1@@Z 10001700 f i ads-com.obj
 0001:00000730       ?make_error_code@std@@YA?AVerror_code@1@W4io_errc@1@@Z 10001730 f i ads-com.obj
 0001:00000760       ??0_System_error@std@@IAE@Verror_code@1@ABV?$basic_string@DU?$char_traits@D@std@@V?$allocator@D@2@@1@@Z 10001760 f i ads-com.obj
 0001:00000940       ??_E_System_error@std@@UAEPAXI@Z 10001940 f i * CIL library *:* CIL module *
 0001:00000940       ??_Esystem_error@std@@UAEPAXI@Z 10001940 f i * CIL library *:* CIL module *
 0001:00000940       ??_G_System_error@std@@UAEPAXI@Z 10001940 f i ads-com.obj
 0001:00000940       ??_Gfailure@ios_base@std@@UAEPAXI@Z 10001940 f i ads-com.obj
 0001:00000940       ??_Efailure@ios_base@std@@UAEPAXI@Z 10001940 f i * CIL library *:* CIL module *
 0001:00000940       ??_Gsystem_error@std@@UAEPAXI@Z 10001940 f i ads-com.obj
 0001:00000970       ??0system_error@std@@QAE@Verror_code@1@@Z 10001970 f i ads-com.obj
 0001:00000a10       ??1system_error@std@@UAE@XZ 10001a10 f i ads-com.obj
 0001:00000a20       ?name@_Generic_error_category@std@@UBEPBDXZ 10001a20 f i ads-com.obj
 0001:00000a30       ?message@_Generic_error_category@std@@UBE?AV?$basic_string@DU?$char_traits@D@std@@V?$allocator@D@2@@2@H@Z 10001a30 f i ads-com.obj
 0001:00000a80       ?name@_Iostream_error_category@std@@UBEPBDXZ 10001a80 f i ads-com.obj
 0001:00000a90       ?message@_Iostream_error_category@std@@UBE?AV?$basic_string@DU?$char_traits@D@std@@V?$allocator@D@2@@2@H@Z 10001a90 f i ads-com.obj
 0001:00000b00       ?generic_category@std@@YAABVerror_category@1@XZ 10001b00 f i ads-com.obj
 0001:00000b20       ??0failure@ios_base@std@@QAE@PBDABVerror_code@2@@Z 10001b20 f i ads-com.obj
 0001:00000be0       ?clear@ios_base@std@@QAEXH_N@Z 10001be0 f i ads-com.obj
 0001:00000d40       ?New@?$Factory@VFunctionTemplate@v8@@@imp@Nan@@SA?AV?$Local@VFunctionTemplate@v8@@@v8@@P6AXABV?$FunctionCallbackInfo@VValue@v8@@@3@@ZV?$Local@VValue@v8@@@5@V?$Local@VSignature@v8@@@5@@Z 10001d40 f i ads-com.obj
 0001:00000e90       ?Call@Callback@Nan@@QBE?AV?$Local@VValue@v8@@@v8@@HQAV34@@Z 10001e90 f i ads-com.obj
 0001:00000f50       ?Call@Callback@Nan@@QBE?AV?$MaybeLocal@VValue@v8@@@v8@@HQAV?$Local@VValue@v8@@@4@PAVAsyncResource@2@@Z 10001f50 f i ads-com.obj
 0001:00001010       ??1AsyncWorker@Nan@@UAE@XZ 10002010 f i ads-com.obj
 0001:000010a0       ?WorkComplete@AsyncWorker@Nan@@UAEXXZ 100020a0 f i ads-com.obj
 0001:00001110       ?Destroy@AsyncWorker@Nan@@UAEXXZ 10002110 f i ads-com.obj
 0001:00001120       ?HandleOKCallback@AsyncWorker@Nan@@MAEXXZ 10002120 f i ads-com.obj
 0001:00001160       ?HandleErrorCallback@AsyncWorker@Nan@@MAEXXZ 10002160 f i ads-com.obj
 0001:000011e0       ??_GAsyncWorker@Nan@@UAEPAXI@Z 100021e0 f i ads-com.obj
 0001:000011e0       ??_EAsyncWorker@Nan@@UAEPAXI@Z 100021e0 f i * CIL library *:* CIL module *
 0001:00001200       ?Destroy@AsyncBareProgressWorkerBase@Nan@@UAEXXZ 10002200 f i ads-com.obj
 0001:00001220       ?AsyncProgress_@AsyncBareProgressWorkerBase@Nan@@CAXPAUuv_async_s@@@Z 10002220 f i ads-com.obj
 0001:000012b0       ?AsyncClose_@AsyncBareProgressWorkerBase@Nan@@CAXPAUuv_handle_s@@@Z 100022b0 f i ads-com.obj
 0001:000012d0       ??_GAsyncBareProgressWorkerBase@Nan@@UAEPAXI@Z 100022d0 f i ads-com.obj
 0001:000012d0       ??_EAsyncBareProgressWorkerBase@Nan@@UAEPAXI@Z 100022d0 f i * CIL library *:* CIL module *
 0001:00001300       ?AsyncExecute@Nan@@YAXPAUuv_work_s@@@Z 10002300 f i ads-com.obj
 0001:00001330       ?AsyncExecuteComplete@Nan@@YAXPAUuv_work_s@@@Z 10002330 f i ads-com.obj
 0001:000013c0       ?SetPrototypeMethod@Nan@@YAXV?$Local@VFunctionTemplate@v8@@@v8@@PBDP6AXABV?$FunctionCallbackInfo@VValue@v8@@@1@@Z@Z 100023c0 f i ads-com.obj
 0001:00001480       ?Ref@ObjectWrap@Nan@@MAEXXZ 10002480 f i ads-com.obj
 0001:000014b0       ?Unref@ObjectWrap@Nan@@MAEXXZ 100024b0 f i ads-com.obj
 0001:00001540       ?WeakCallback@ObjectWrap@Nan@@CAXABV?$WeakCallbackInfo@VObjectWrap@Nan@@@v8@@@Z 10002540 f i ads-com.obj
 0001:000015b0       ??_GObjectWrap@Nan@@UAEPAXI@Z 100025b0 f i ads-com.obj
 0001:000015b0       ??_EObjectWrap@Nan@@UAEPAXI@Z 100025b0 f i * CIL library *:* CIL module *
 0001:00001630       ??_H@YGXPAXIIP6EPAX0@Z@Z   10002630 f i ads-com.obj
 0001:00001660       ?wait@condition_variable@std@@QAEXAAV?$unique_lock@Vmutex@std@@@2@@Z 10002660 f i ads-com.obj
 0001:00001680       ??0Message@@QAE@V?$basic_string@DU?$char_traits@D@std@@V?$allocator@D@2@@std@@0@Z 10002680 f i ads-com.obj
 0001:00001730       ??0StreamingWorker@@QAE@PAVCallback@Nan@@00@Z 10002730 f i ads-com.obj
 0001:000018f0       ??1StreamingWorker@@UAE@XZ 100028f0 f i ads-com.obj
 0001:00001990       ?HandleErrorCallback@StreamingWorker@@UAEXXZ 10002990 f i ads-com.obj
 0001:00001a10       ?HandleOKCallback@StreamingWorker@@UAEXXZ 10002a10 f i ads-com.obj
 0001:00001a40       ?HandleProgressCallback@StreamingWorker@@UAEXPBDI@Z 10002a40 f i ads-com.obj
 0001:00001a50       ?writeToNode@StreamingWorker@@IAEXABVExecutionProgress@?$AsyncBareProgressWorker@D@Nan@@ABVMessage@@@Z 10002a50 f i ads-com.obj
 0001:00001b10       ?drainQueue@StreamingWorker@@AAEXXZ 10002b10 f i ads-com.obj
 0001:00001da0       ??_EAdsCom@@UAEPAXI@Z      10002da0 f i * CIL library *:* CIL module *
 0001:00001da0       ??_EStreamingWorker@@UAEPAXI@Z 10002da0 f i * CIL library *:* CIL module *
 0001:00001da0       ??_GAdsCom@@UAEPAXI@Z      10002da0 f i ads-com.obj
 0001:00001da0       ??_GStreamingWorker@@UAEPAXI@Z 10002da0 f i ads-com.obj
 0001:00001dd0       ??1Message@@QAE@XZ         10002dd0 f i ads-com.obj
 0001:00001e60       ?Init@StreamWorkerWrapper@@SAXV?$Local@VObject@v8@@@v8@@@Z 10002e60 f i ads-com.obj
 0001:000020b0       ?New@StreamWorkerWrapper@@CAXABV?$FunctionCallbackInfo@VValue@v8@@@Nan@@@Z 100030b0 f i ads-com.obj
 0001:00002410       ?sendToAddon@StreamWorkerWrapper@@CAXABV?$FunctionCallbackInfo@VValue@v8@@@Nan@@@Z 10003410 f i ads-com.obj
 0001:00002530       ?closeInput@StreamWorkerWrapper@@CAXABV?$FunctionCallbackInfo@VValue@v8@@@Nan@@@Z 10003530 f i ads-com.obj
 0001:00002550       ?constructor@StreamWorkerWrapper@@CAAAV?$Persistent@VFunction@v8@@V?$NonCopyablePersistentTraits@VFunction@v8@@@2@@Nan@@XZ 10003550 f i ads-com.obj
 0001:000025b0       ??_EStreamWorkerWrapper@@EAEPAXI@Z 100035b0 f i * CIL library *:* CIL module *
 0001:000025b0       ??_GStreamWorkerWrapper@@EAEPAXI@Z 100035b0 f i ads-com.obj
 0001:00002630       ?Execute@AdsCom@@UAEXABVExecutionProgress@?$AsyncBareProgressWorker@D@Nan@@@Z 10003630 f i ads-com.obj
 0001:00002c30       ?write@?$PCQueue@VMessage@@@@QAEXVMessage@@@Z 10003c30 f i ads-com.obj
 0001:00002cc0       ?Execute@?$AsyncBareProgressWorker@D@Nan@@EAEXXZ 10003cc0 f i ads-com.obj
 0001:00002cd0       ??1?$unique_lock@Vmutex@std@@@std@@QAE@XZ 10003cd0 f i ads-com.obj
 0001:00002cf0       ??0?$unique_lock@Vmutex@std@@@std@@QAE@AAVmutex@1@@Z 10003cf0 f i ads-com.obj
 0001:00002d20       ?SendProgress_@?$AsyncProgressWorkerBase@D@Nan@@EAEXPBDI@Z 10003d20 f i ads-com.obj
 0001:00002d90       ?WorkProgress@?$AsyncProgressWorkerBase@D@Nan@@UAEXXZ 10003d90 f i ads-com.obj
 0001:00002e00       ??1?$basic_string@DU?$char_traits@D@std@@V?$allocator@D@2@@std@@QAE@XZ 10003e00 f i ads-com.obj
 0001:00002e00       ?_Tidy_deallocate@?$basic_string@DU?$char_traits@D@std@@V?$allocator@D@2@@std@@QAEXXZ 10003e00 f i ads-com.obj
 0001:00002e50       ??0?$basic_string@DU?$char_traits@D@std@@V?$allocator@D@2@@std@@QAE@ID@Z 10003e50 f i ads-com.obj
 0001:00002f90       ??0?$basic_string@DU?$char_traits@D@std@@V?$allocator@D@2@@std@@QAE@QBD@Z 10003f90 f i ads-com.obj
 0001:00002fd0       ??0?$basic_string@DU?$char_traits@D@std@@V?$allocator@D@2@@std@@QAE@ABV01@@Z 10003fd0 f i ads-com.obj
 0001:00003090       ?flush@?$basic_ostream@DU?$char_traits@D@std@@@std@@QAEAAV12@XZ 10004090 f i ads-com.obj
 0001:00003130       ??6?$basic_ostream@DU?$char_traits@D@std@@@std@@QAEAAV01@J@Z 10004130 f i ads-com.obj
 0001:00003340       ??_E?$AsyncProgressWorkerBase@D@Nan@@UAEPAXI@Z 10004340 f i * CIL library *:* CIL module *
 0001:00003340       ??_G?$AsyncProgressWorkerBase@D@Nan@@UAEPAXI@Z 10004340 f i ads-com.obj
 0001:00003390       ??0sentry@?$basic_ostream@DU?$char_traits@D@std@@@std@@QAE@AAV12@@Z 10004390 f i ads-com.obj
 0001:000033f0       ?do_put@?$num_put@DV?$ostreambuf_iterator@DU?$char_traits@D@std@@@std@@@std@@MBE?AV?$ostreambuf_iterator@DU?$char_traits@D@std@@@2@V32@AAVios_base@2@DPBX@Z 100043f0 f i ads-com.obj
 0001:00003460       ?do_put@?$num_put@DV?$ostreambuf_iterator@DU?$char_traits@D@std@@@std@@@std@@MBE?AV?$ostreambuf_iterator@DU?$char_traits@D@std@@@2@V32@AAVios_base@2@DO@Z 10004460 f i ads-com.obj
 0001:00003660       ?do_put@?$num_put@DV?$ostreambuf_iterator@DU?$char_traits@D@std@@@std@@@std@@MBE?AV?$ostreambuf_iterator@DU?$char_traits@D@std@@@2@V32@AAVios_base@2@DN@Z 10004660 f i ads-com.obj
 0001:00003860       ?do_put@?$num_put@DV?$ostreambuf_iterator@DU?$char_traits@D@std@@@std@@@std@@MBE?AV?$ostreambuf_iterator@DU?$char_traits@D@std@@@2@V32@AAVios_base@2@D_K@Z 10004860 f i ads-com.obj
 0001:000038e0       ?do_put@?$num_put@DV?$ostreambuf_iterator@DU?$char_traits@D@std@@@std@@@std@@MBE?AV?$ostreambuf_iterator@DU?$char_traits@D@std@@@2@V32@AAVios_base@2@D_J@Z 100048e0 f i ads-com.obj
 0001:00003960       ?do_put@?$num_put@DV?$ostreambuf_iterator@DU?$char_traits@D@std@@@std@@@std@@MBE?AV?$ostreambuf_iterator@DU?$char_traits@D@std@@@2@V32@AAVios_base@2@DK@Z 10004960 f i ads-com.obj
 0001:000039e0       ?do_put@?$num_put@DV?$ostreambuf_iterator@DU?$char_traits@D@std@@@std@@@std@@MBE?AV?$ostreambuf_iterator@DU?$char_traits@D@std@@@2@V32@AAVios_base@2@DJ@Z 100049e0 f i ads-com.obj
 0001:00003a60       ?do_put@?$num_put@DV?$ostreambuf_iterator@DU?$char_traits@D@std@@@std@@@std@@MBE?AV?$ostreambuf_iterator@DU?$char_traits@D@std@@@2@V32@AAVios_base@2@D_N@Z 10004a60 f i ads-com.obj
 0001:00003ce0       ?_Tidy@?$deque@VMessage@@V?$allocator@VMessage@@@std@@@std@@IAEXXZ 10004ce0 f i ads-com.obj
 0001:00003d90       ?push_back@?$deque@VMessage@@V?$allocator@VMessage@@@std@@@std@@QAEXABVMessage@@@Z 10004d90 f i ads-com.obj
 0001:00003e10       ?assign@?$basic_string@DU?$char_traits@D@std@@V?$allocator@D@2@@std@@QAEAAV12@ID@Z 10004e10 f i ads-com.obj
 0001:00003f40       ?assign@?$basic_string@DU?$char_traits@D@std@@V?$allocator@D@2@@std@@QAEAAV12@QBDI@Z 10004f40 f i ads-com.obj
 0001:00004060       ?append@?$basic_string@DU?$char_traits@D@std@@V?$allocator@D@2@@std@@QAEAAV12@ID@Z 10005060 f i ads-com.obj
 0001:000040c0       ?setstate@?$basic_ios@DU?$char_traits@D@std@@@std@@QAEXH_N@Z 100050c0 f i ads-com.obj
 0001:00004170       ??_E?$num_put@DV?$ostreambuf_iterator@DU?$char_traits@D@std@@@std@@@std@@MAEPAXI@Z 10005170 f i * CIL library *:* CIL module *
 0001:00004170       ??_G?$num_put@DV?$ostreambuf_iterator@DU?$char_traits@D@std@@@std@@@std@@MAEPAXI@Z 10005170 f i ads-com.obj
 0001:000041a0       ?do_truename@?$numpunct@D@std@@MBE?AV?$basic_string@DU?$char_traits@D@std@@V?$allocator@D@2@@2@XZ 100051a0 f i ads-com.obj
 0001:000041e0       ?do_falsename@?$numpunct@D@std@@MBE?AV?$basic_string@DU?$char_traits@D@std@@V?$allocator@D@2@@2@XZ 100051e0 f i ads-com.obj
 0001:00004220       ?do_grouping@?$numpunct@D@std@@MBE?AV?$basic_string@DU?$char_traits@D@std@@V?$allocator@D@2@@2@XZ 10005220 f i ads-com.obj
 0001:00004260       ?do_thousands_sep@?$numpunct@D@std@@MBEDXZ 10005260 f i ads-com.obj
 0001:00004270       ?do_decimal_point@?$numpunct@D@std@@MBEDXZ 10005270 f i ads-com.obj
 0001:00004280       ?_Rep@?$num_put@DV?$ostreambuf_iterator@DU?$char_traits@D@std@@@std@@@std@@ABA?AV?$ostreambuf_iterator@DU?$char_traits@D@std@@@2@V32@DI@Z 10005280 f i ads-com.obj
 0001:000042f0       ?_Put@?$num_put@DV?$ostreambuf_iterator@DU?$char_traits@D@std@@@std@@@std@@ABA?AV?$ostreambuf_iterator@DU?$char_traits@D@std@@@2@V32@PBDI@Z 100052f0 f i ads-com.obj
 0001:00004370       ?_Iput@?$num_put@DV?$ostreambuf_iterator@DU?$char_traits@D@std@@@std@@@std@@ABA?AV?$ostreambuf_iterator@DU?$char_traits@D@std@@@2@V32@AAVios_base@2@DPADI@Z 10005370 f i ads-com.obj
 0001:00004800       ?_Ifmt@?$num_put@DV?$ostreambuf_iterator@DU?$char_traits@D@std@@@std@@@std@@ABAPADPADPBDH@Z 10005800 f i ads-com.obj
 0001:00004890       ?_Fput@?$num_put@DV?$ostreambuf_iterator@DU?$char_traits@D@std@@@std@@@std@@ABA?AV?$ostreambuf_iterator@DU?$char_traits@D@std@@@2@V32@AAVios_base@2@DPBDI@Z 10005890 f i ads-com.obj
 0001:00004d80       ?_Ffmt@?$num_put@DV?$ostreambuf_iterator@DU?$char_traits@D@std@@@std@@@std@@ABAPADPADDH@Z 10005d80 f i ads-com.obj
 0001:00004e40       ?_Growmap@?$deque@VMessage@@V?$allocator@VMessage@@@std@@@std@@IAEXI@Z 10005e40 f i ads-com.obj
 0001:00004fd0       ??_E?$numpunct@D@std@@MAEPAXI@Z 10005fd0 f i * CIL library *:* CIL module *
 0001:00004fd0       ??_G?$numpunct@D@std@@MAEPAXI@Z 10005fd0 f i ads-com.obj
 0001:00005020       ?_Xlen@?$deque@VMessage@@V?$allocator@VMessage@@@std@@@std@@IBEXXZ 10006020 f i ads-com.obj
 0001:00005030       ?_Xran@?$_String_val@U?$_Simple_types@D@std@@@std@@SAXXZ 10006030 f i ads-com.obj
 0001:00005040       ??$use_facet@V?$ctype@D@std@@@std@@YAABV?$ctype@D@0@ABVlocale@0@@Z 10006040 f i ads-com.obj
 0001:00005180       ??$Unwrap@VStreamWorkerWrapper@@@ObjectWrap@Nan@@SAPAVStreamWorkerWrapper@@V?$Local@VObject@v8@@@v8@@@Z 10006180 f i ads-com.obj
 0001:000051f0       ??$?6U?$char_traits@D@std@@@std@@YAAAV?$basic_ostream@DU?$char_traits@D@std@@@0@AAV10@D@Z 100061f0 f i ads-com.obj
 0001:00005480       ??$?6U?$char_traits@D@std@@@std@@YAAAV?$basic_ostream@DU?$char_traits@D@std@@@0@AAV10@PBD@Z 10006480 f i ads-com.obj
 0001:00005750       ??$use_facet@V?$numpunct@D@std@@@std@@YAABV?$numpunct@D@0@ABVlocale@0@@Z 10006750 f i ads-com.obj
 0001:00005d60       ?_Xlen@?$basic_string@DU?$char_traits@D@std@@V?$allocator@D@2@@std@@SAXXZ 10006d60 f i ads-com.obj
 0001:00005d70       ??$_Immortalize_impl@V_Generic_error_category@std@@@std@@YGHPAX0PAPAX@Z 10006d70 f i ads-com.obj
 0001:00005d90       ??$_Immortalize_impl@V_Iostream_error_category@std@@@std@@YGHPAX0PAPAX@Z 10006d90 f i ads-com.obj
 0001:00005dfb       __imp_load__uv_mutex_unlock 10006dfb f   node:node.exe
 0001:00005e05       __tailMerge_node_exe       10006e05     node:node.exe
 0001:00005e16       __imp_load__uv_queue_work  10006e16 f   node:node.exe
 0001:00005e20       __imp_load_?Global@Context@v8@@QAE?AV?$Local@VObject@v8@@@2@XZ 10006e20 f   node:node.exe
 0001:00005e2a       __imp_load_?Value@External@v8@@QBEPAXXZ 10006e2a f   node:node.exe
 0001:00005e34       __imp_load_?New@External@v8@@SA?AV?$Local@VExternal@v8@@@2@PAVIsolate@2@PAX@Z 10006e34 f   node:node.exe
 0001:00005e3e       __imp_load_?New@Signature@v8@@SA?AV?$Local@VSignature@v8@@@2@PAVIsolate@2@V?$Local@VFunctionTemplate@v8@@@2@@Z 10006e3e f   node:node.exe
 0001:00005e48       __imp_load_?GetCurrentContext@Isolate@v8@@QAE?AV?$Local@VContext@v8@@@2@XZ 10006e48 f   node:node.exe
 0001:00005e52       __imp_load_?GetCurrent@Isolate@v8@@SAPAV12@XZ 10006e52 f   node:node.exe
 0001:00005e5c       __imp_load_?CreateHandle@HandleScope@v8@@KAPAPAVObject@internal@2@PAVIsolate@42@PAV342@@Z 10006e5c f   node:node.exe
 0001:00005e66       __imp_load_?CreateHandle@HandleScope@v8@@CAPAPAVObject@internal@2@PAVHeapObject@42@PAV342@@Z 10006e66 f   node:node.exe
 0001:00005e70       __imp_load_??1HandleScope@v8@@QAE@XZ 10006e70 f   node:node.exe
 0001:00005e7a       __imp_load_??0HandleScope@v8@@QAE@PAVIsolate@1@@Z 10006e7a f   node:node.exe
 0001:00005e84       __imp_load_?Set@Template@v8@@QAEXV?$Local@VName@v8@@@2@V?$Local@VData@v8@@@2@W4PropertyAttribute@2@@Z 10006e84 f   node:node.exe
 0001:00005e8e       __imp_load_?Error@Exception@v8@@SA?AV?$Local@VValue@v8@@@2@V?$Local@VString@v8@@@2@@Z 10006e8e f   node:node.exe
 0001:00005e98       __imp_load_?SetClassName@FunctionTemplate@v8@@QAEXV?$Local@VString@v8@@@2@@Z 10006e98 f   node:node.exe
 0001:00005ea2       __imp_load_?PrototypeTemplate@FunctionTemplate@v8@@QAE?AV?$Local@VObjectTemplate@v8@@@2@XZ 10006ea2 f   node:node.exe
 0001:00005eac       __imp_load_?InstanceTemplate@FunctionTemplate@v8@@QAE?AV?$Local@VObjectTemplate@v8@@@2@XZ 10006eac f   node:node.exe
 0001:00005eb6       __imp_load_?GetFunction@FunctionTemplate@v8@@QAE?AV?$MaybeLocal@VFunction@v8@@@2@V?$Local@VContext@v8@@@2@@Z 10006eb6 f   node:node.exe
 0001:00005ec0       __imp_load_?New@FunctionTemplate@v8@@SA?AV?$Local@VFunctionTemplate@v8@@@2@PAVIsolate@2@P6AXABV?$FunctionCallbackInfo@VValue@v8@@@2@@ZV?$Local@VValue@v8@@@2@V?$Local@VSignature@v8@@@2@HW4ConstructorBehavior@2@@Z 10006ec0 f   node:node.exe
 0001:00005eca       __imp_load_?ToLocalEmpty@V8@v8@@CAXXZ 10006eca f   node:node.exe
 0001:00005ed4       __imp_load_?ClearWeak@V8@v8@@CAPAXPAPAVObject@internal@2@@Z 10006ed4 f   node:node.exe
 0001:00005ede       __imp_load_?MakeWeak@V8@v8@@CAXPAPAVObject@internal@2@PAXP6AXABV?$WeakCallbackInfo@X@2@@ZW4WeakCallbackType@2@@Z 10006ede f   node:node.exe
 0001:00005ee8       __imp_load_?DisposeGlobal@V8@v8@@CAXPAPAVObject@internal@2@@Z 10006ee8 f   node:node.exe
 0001:00005ef2       __imp_load_?GlobalizeReference@V8@v8@@CAPAPAVObject@internal@2@PAVIsolate@42@PAPAV342@@Z 10006ef2 f   node:node.exe
 0001:00005efc       __imp_load_?IsObject@Value@v8@@QBE_NXZ 10006efc f   node:node.exe
 0001:00005f06       __imp_load_?Escape@EscapableHandleScope@v8@@AAEPAPAVObject@internal@2@PAPAV342@@Z 10006f06 f   node:node.exe
 0001:00005f10       __imp_load_??0EscapableHandleScope@v8@@QAE@PAVIsolate@1@@Z 10006f10 f   node:node.exe
 0001:00005f1a       __imp_load_??1Utf8Value@String@v8@@QAE@XZ 10006f1a f   node:node.exe
 0001:00005f24       __imp_load_??0Utf8Value@String@v8@@QAE@V?$Local@VValue@v8@@@2@@Z 10006f24 f   node:node.exe
 0001:00005f2e       __imp_load_?NewFromUtf8@String@v8@@SA?AV?$MaybeLocal@VString@v8@@@2@PAVIsolate@2@PBDW4NewStringType@2@H@Z 10006f2e f   node:node.exe
 0001:00005f38       __imp_load_?SlowGetAlignedPointerFromInternalField@Object@v8@@AAEPAXH@Z 10006f38 f   node:node.exe
 0001:00005f42       __imp_load_?SlowGetInternalField@Object@v8@@AAE?AV?$Local@VValue@v8@@@2@H@Z 10006f42 f   node:node.exe
 0001:00005f4c       __imp_load_?New@Object@v8@@SA?AV?$Local@VObject@v8@@@2@PAVIsolate@2@@Z 10006f4c f   node:node.exe
 0001:00005f56       __imp_load_?SetAlignedPointerInInternalField@Object@v8@@QAEXHPAX@Z 10006f56 f   node:node.exe
 0001:00005f60       __imp_load_?SetInternalField@Object@v8@@QAEXHV?$Local@VValue@v8@@@2@@Z 10006f60 f   node:node.exe
 0001:00005f6a       __imp_load_?InternalFieldCount@Object@v8@@QAEHXZ 10006f6a f   node:node.exe
 0001:00005f74       __imp_load_?Set@Object@v8@@QAE?AV?$Maybe@_N@2@V?$Local@VContext@v8@@@2@V?$Local@VValue@v8@@@2@1@Z 10006f74 f   node:node.exe
 0001:00005f7e       __imp_load_?NewInstance@Function@v8@@QBE?AV?$MaybeLocal@VObject@v8@@@2@V?$Local@VContext@v8@@@2@HQAV?$Local@VValue@v8@@@2@@Z 10006f7e f   node:node.exe
 0001:00005f88       __imp_load_?SetInternalFieldCount@ObjectTemplate@v8@@QAEXH@Z 10006f88 f   node:node.exe
 0001:00005f92       __imp_load_?NewInstance@ObjectTemplate@v8@@QAE?AV?$MaybeLocal@VObject@v8@@@2@V?$Local@VContext@v8@@@2@@Z 10006f92 f   node:node.exe
 0001:00005f9c       __imp_load_?New@ObjectTemplate@v8@@SA?AV?$Local@VObjectTemplate@v8@@@2@PAVIsolate@2@V?$Local@VFunctionTemplate@v8@@@2@@Z 10006f9c f   node:node.exe
 0001:00005fa6       __imp_load__uv_mutex_lock  10006fa6 f   node:node.exe
 0001:00005fb0       __imp_load__uv_close       10006fb0 f   node:node.exe
 0001:00005fba       __imp_load__node_module_register 10006fba f   node:node.exe
 0001:00005fc4       __imp_load_?MakeCallback@node@@YA?AV?$Local@VValue@v8@@@v8@@PAVIsolate@3@V?$Local@VObject@v8@@@3@V?$Local@VFunction@v8@@@3@HPAV23@@Z 10006fc4 f   node:node.exe
 0001:00005fce       __imp_load__uv_mutex_destroy 10006fce f   node:node.exe
 0001:00005fd8       __imp_load__uv_mutex_init  10006fd8 f   node:node.exe
 0001:00005fe2       __imp_load__uv_async_send  10006fe2 f   node:node.exe
 0001:00005fec       __imp_load__uv_async_init  10006fec f   node:node.exe
 0001:00005ff6       __imp_load__uv_default_loop 10006ff6 f   node:node.exe
 0001:00006000       __imp_load_?ToString@Value@v8@@QBE?AV?$Local@VString@v8@@@2@XZ 10007000 f   node:node.exe
 0001:0000600a       ??1GlobalCore@details@Concurrency@@QAE@XZ 1000700a f i libcpmt:cond.obj
 0001:00006017       ??_EGlobalCore@details@Concurrency@@QAEPAXI@Z 10007017 f i libcpmt:cond.obj
 0001:000060a3       ?create_stl_condition_variable@details@Concurrency@@YAXPAVstl_condition_variable_interface@12@@Z 100070a3 f i libcpmt:cond.obj
 0001:00006118       ?destroy@stl_condition_variable_concrt@details@Concurrency@@UAEXXZ 10007118 f i libcpmt:cond.obj
 0001:000061e8       ?notify_all@stl_condition_variable_concrt@details@Concurrency@@UAEXXZ 100071e8 f i libcpmt:cond.obj
 0001:000061f0       ?notify_all@stl_condition_variable_vista@details@Concurrency@@UAEXXZ 100071f0 f i libcpmt:cond.obj
 0001:000061f0       ?notify_all@stl_condition_variable_win7@details@Concurrency@@UAEXXZ 100071f0 f i libcpmt:cond.obj
 0001:000061fb       ?notify_one@stl_condition_variable_concrt@details@Concurrency@@UAEXXZ 100071fb f i libcpmt:cond.obj
 0001:00006203       ?notify_one@stl_condition_variable_win7@details@Concurrency@@UAEXXZ 10007203 f i libcpmt:cond.obj
 0001:00006203       ?notify_one@stl_condition_variable_vista@details@Concurrency@@UAEXXZ 10007203 f i libcpmt:cond.obj
 0001:0000620e       ?wait@stl_condition_variable_concrt@details@Concurrency@@UAEXPAVstl_critical_section_interface@23@@Z 1000720e f i libcpmt:cond.obj
 0001:00006224       ?wait@stl_condition_variable_vista@details@Concurrency@@UAEXPAVstl_critical_section_interface@23@@Z 10007224 f i libcpmt:cond.obj
 0001:0000623f       ?wait@stl_condition_variable_win7@details@Concurrency@@UAEXPAVstl_critical_section_interface@23@@Z 1000723f f i libcpmt:cond.obj
 0001:0000625a       ?wait_for@stl_condition_variable_concrt@details@Concurrency@@UAE_NPAVstl_critical_section_interface@23@I@Z 1000725a f i libcpmt:cond.obj
 0001:00006273       ?wait_for@stl_condition_variable_vista@details@Concurrency@@UAE_NPAVstl_critical_section_interface@23@I@Z 10007273 f i libcpmt:cond.obj
 0001:00006295       ?wait_for@stl_condition_variable_win7@details@Concurrency@@UAE_NPAVstl_critical_section_interface@23@I@Z 10007295 f i libcpmt:cond.obj
 0001:000062b9       __Cnd_broadcast            100072b9 f   libcpmt:cond.obj
 0001:000062d7       __Cnd_destroy_in_situ      100072d7 f   libcpmt:cond.obj
 0001:000062f3       __Cnd_init_in_situ         100072f3 f   libcpmt:cond.obj
 0001:000062f8       __Cnd_wait                 100072f8 f   libcpmt:cond.obj
 0001:0000630d       ??0_Init_locks@std@@QAE@XZ 1000730d f   libcpmt:xlock.obj
 0001:0000633a       ??0_Lockit@std@@QAE@H@Z    1000733a f   libcpmt:xlock.obj
 0001:0000636b       ??1_Init_locks@std@@QAE@XZ 1000736b f   libcpmt:xlock.obj
 0001:00006392       ??1_Lockit@std@@QAE@XZ     10007392 f   libcpmt:xlock.obj
 0001:000063b1       ??0_System_error@std@@QAE@ABV01@@Z 100073b1 f i libcpmt:xonce.obj
 0001:000063db       ??0exception@std@@QAE@ABV01@@Z 100073db f i libcpmt:xonce.obj
 0001:00006407       ??0exception@std@@QAE@QBD@Z 10007407 f i libcpmt:xonce.obj
 0001:0000643e       ??0runtime_error@std@@QAE@ABV01@@Z 1000743e f i libcpmt:xonce.obj
 0001:00006459       ??0system_error@std@@QAE@ABV01@@Z 10007459 f i libcpmt:xonce.obj
 0001:00006474       ??_Gbad_array_new_length@std@@UAEPAXI@Z 10007474 f i LIBCMT:throw_bad_alloc.obj
 0001:00006474       ??_Gunsupported_os@Concurrency@@UAEPAXI@Z 10007474 f i libconcrt:ResourceManager.obj
 0001:00006474       ??_Glogic_error@std@@UAEPAXI@Z 10007474 f i libcpmt:xthrow.obj
 0001:00006474       ??_Ebad_array_new_length@std@@UAEPAXI@Z 10007474 f i LIBCMT:throw_bad_alloc.obj
 0001:00006474       ??_Eunsupported_os@Concurrency@@UAEPAXI@Z 10007474 f i libconcrt:ResourceManager.obj
 0001:00006474       ??_Econtext_unblock_unbalanced@Concurrency@@UAEPAXI@Z 10007474 f i libconcrt:Exceptions.obj
 0001:00006474       ??_Ginvalid_argument@std@@UAEPAXI@Z 10007474 f i libcpmt:xthrow.obj
 0001:00006474       ??_Ginvalid_operation@Concurrency@@UAEPAXI@Z 10007474 f i libconcrt:ResourceManager.obj
 0001:00006474       ??_G__non_rtti_object@std@@UAEPAXI@Z 10007474 f i libvcruntime:rtti.obj
 0001:00006474       ??_Ginvalid_oversubscribe_operation@Concurrency@@UAEPAXI@Z 10007474 f i libconcrt:Exceptions.obj
 0001:00006474       ??_Einvalid_scheduler_policy_value@Concurrency@@UAEPAXI@Z 10007474 f i libconcrt:Exceptions.obj
 0001:00006474       ??_Eimproper_scheduler_reference@Concurrency@@UAEPAXI@Z 10007474 f i libconcrt:SchedulerBase.obj
 0001:00006474       ??_Gout_of_range@std@@UAEPAXI@Z 10007474 f i libcpmt:xthrow.obj
 0001:00006474       ??_E_Interruption_exception@details@Concurrency@@UAEPAXI@Z 10007474 f i libconcrt:TaskCollection.obj
 0001:00006474       ??_G_Interruption_exception@details@Concurrency@@UAEPAXI@Z 10007474 f i libconcrt:TaskCollection.obj
 0001:00006474       ??_Gcontext_unblock_unbalanced@Concurrency@@UAEPAXI@Z 10007474 f i libconcrt:Exceptions.obj
 0001:00006474       ??_Gimproper_scheduler_reference@Concurrency@@UAEPAXI@Z 10007474 f i libconcrt:SchedulerBase.obj
 0001:00006474       ??_Gbad_typeid@std@@UAEPAXI@Z 10007474 f i libvcruntime:rtti.obj
 0001:00006474       ??_Elogic_error@std@@UAEPAXI@Z 10007474 f i libcpmt:xthrow.obj
 0001:00006474       ??_Einvalid_argument@std@@UAEPAXI@Z 10007474 f i libcpmt:xthrow.obj
 0001:00006474       ??_Glength_error@std@@UAEPAXI@Z 10007474 f i libcpmt:xthrow.obj
 0001:00006474       ??_Eout_of_range@std@@UAEPAXI@Z 10007474 f i libcpmt:xthrow.obj
 0001:00006474       ??_E__non_rtti_object@std@@UAEPAXI@Z 10007474 f i libvcruntime:rtti.obj
 0001:00006474       ??_Eimproper_lock@Concurrency@@UAEPAXI@Z 10007474 f i libconcrt:rtlocks.obj
 0001:00006474       ??_Einvalid_scheduler_policy_key@Concurrency@@UAEPAXI@Z 10007474 f i libconcrt:Exceptions.obj
 0001:00006474       ??_Eexception@std@@UAEPAXI@Z 10007474 f i libcpmt:xonce.obj
 0001:00006474       ??_Gexception@std@@UAEPAXI@Z 10007474 f i libcpmt:xonce.obj
 0001:00006474       ??_Gimproper_lock@Concurrency@@UAEPAXI@Z 10007474 f i libconcrt:rtlocks.obj
 0001:00006474       ??_Gbad_cast@std@@UAEPAXI@Z 10007474 f i libcpmt:cout.obj
 0001:00006474       ??_Emissing_wait@Concurrency@@UAEPAXI@Z 10007474 f i libconcrt:Exceptions.obj
 0001:00006474       ??_Einvalid_operation@Concurrency@@UAEPAXI@Z 10007474 f i libconcrt:ResourceManager.obj
 0001:00006474       ??_Gcontext_self_unblock@Concurrency@@UAEPAXI@Z 10007474 f i libconcrt:Exceptions.obj
 0001:00006474       ??_Gbad_exception@std@@UAEPAXI@Z 10007474 f i libvcruntime:frame.obj
 0001:00006474       ??_Ginvalid_scheduler_policy_thread_specification@Concurrency@@UAEPAXI@Z 10007474 f i libconcrt:Exceptions.obj
 0001:00006474       ??_Ginvalid_scheduler_policy_value@Concurrency@@UAEPAXI@Z 10007474 f i libconcrt:Exceptions.obj
 0001:00006474       ??_Gimproper_scheduler_attach@Concurrency@@UAEPAXI@Z 10007474 f i libconcrt:SchedulerBase.obj
 0001:00006474       ??_Ebad_exception@std@@UAEPAXI@Z 10007474 f i libvcruntime:frame.obj
 0001:00006474       ??_Einvalid_scheduler_policy_thread_specification@Concurrency@@UAEPAXI@Z 10007474 f i libconcrt:Exceptions.obj
 0001:00006474       ??_Ebad_alloc@std@@UAEPAXI@Z 10007474 f i libcpmt:xthrow.obj
 0001:00006474       ??_Einvalid_oversubscribe_operation@Concurrency@@UAEPAXI@Z 10007474 f i libconcrt:Exceptions.obj
 0001:00006474       ??_Elength_error@std@@UAEPAXI@Z 10007474 f i libcpmt:xthrow.obj
 0001:00006474       ??_Gnested_scheduler_missing_detach@Concurrency@@UAEPAXI@Z 10007474 f i libconcrt:Exceptions.obj
 0001:00006474       ??_Econtext_self_unblock@Concurrency@@UAEPAXI@Z 10007474 f i libconcrt:Exceptions.obj
 0001:00006474       ??_Enested_scheduler_missing_detach@Concurrency@@UAEPAXI@Z 10007474 f i libconcrt:Exceptions.obj
 0001:00006474       ??_Gmissing_wait@Concurrency@@UAEPAXI@Z 10007474 f i libconcrt:Exceptions.obj
 0001:00006474       ??_Ebad_typeid@std@@UAEPAXI@Z 10007474 f i libvcruntime:rtti.obj
 0001:00006474       ??_Eimproper_scheduler_attach@Concurrency@@UAEPAXI@Z 10007474 f i libconcrt:SchedulerBase.obj
 0001:00006474       ??_Gbad_alloc@std@@UAEPAXI@Z 10007474 f i libcpmt:xthrow.obj
 0001:00006474       ??_Ginvalid_scheduler_policy_key@Concurrency@@UAEPAXI@Z 10007474 f i libconcrt:Exceptions.obj
 0001:00006474       ??_Ebad_cast@std@@UAEPAXI@Z 10007474 f i libcpmt:cout.obj
 0001:000064a1       ?_Execute_once@std@@YAHAAUonce_flag@1@P6GHPAX1PAPAX@Z1@Z 100074a1 f   libcpmt:xonce.obj
 0001:000064b9       ?what@exception@std@@UBEPBDXZ 100074b9 f i libcpmt:xonce.obj
 0001:000064c6       ??$use_facet@V?$codecvt@DDU_Mbstatet@@@std@@@std@@YAABV?$codecvt@DDU_Mbstatet@@@0@ABVlocale@0@@Z 100074c6 f i libcpmt:cout.obj
 0001:00006564       ??0?$basic_ostream@DU?$char_traits@D@std@@@std@@QAE@PAV?$basic_streambuf@DU?$char_traits@D@std@@@1@_N@Z 10007564 f i libcpmt:cout.obj
 0001:000065cb       ??0?$basic_streambuf@DU?$char_traits@D@std@@@std@@IAE@XZ 100075cb f i libcpmt:cout.obj
 0001:00006612       ??0_Init_cout@std@@QAE@XZ  10007612 f i libcpmt:cout.obj
 0001:0000666b       ??0bad_cast@std@@QAE@ABV01@@Z 1000766b f i libcpmt:cout.obj
 0001:00006686       ??0bad_cast@std@@QAE@XZ    10007686 f i libcpmt:cout.obj
 0001:0000669e       ??1?$basic_filebuf@DU?$char_traits@D@std@@@std@@UAE@XZ 1000769e f i libcpmt:cout.obj
 0001:000066f8       ??1?$basic_ios@DU?$char_traits@D@std@@@std@@UAE@XZ 100076f8 f i libcpmt:cout.obj
 0001:0000673a       ??1?$basic_streambuf@DU?$char_traits@D@std@@@std@@UAE@XZ 1000773a f i libcpmt:cout.obj
 0001:0000675b       ??1invalid_operation@Concurrency@@UAE@XZ 1000775b f i libconcrt:ResourceManager.obj
 0001:0000675b       ??1unsupported_os@Concurrency@@UAE@XZ 1000775b f i libconcrt:ResourceManager.obj
 0001:0000675b       ??1improper_lock@Concurrency@@UAE@XZ 1000775b f i libconcrt:rtlocks.obj
 0001:0000675b       ??1invalid_argument@std@@UAE@XZ 1000775b f i libcpmt:xthrow.obj
 0001:0000675b       ??1scheduler_resource_allocation_error@Concurrency@@UAE@XZ 1000775b f i libconcrt:Platform.obj
 0001:0000675b       ??1improper_scheduler_attach@Concurrency@@UAE@XZ 1000775b f i libconcrt:SchedulerBase.obj
 0001:0000675b       ??1length_error@std@@UAE@XZ 1000775b f i libcpmt:xthrow.obj
 0001:0000675b       ??1missing_wait@Concurrency@@UAE@XZ 1000775b f i libconcrt:Exceptions.obj
 0001:0000675b       ??1bad_exception@std@@UAE@XZ 1000775b f i libvcruntime:frame.obj
 0001:0000675b       ??1improper_scheduler_reference@Concurrency@@UAE@XZ 1000775b f i libconcrt:SchedulerBase.obj
 0001:0000675b       ??1__non_rtti_object@std@@UAE@XZ 1000775b f i libvcruntime:rtti.obj
 0001:0000675b       ??1invalid_scheduler_policy_value@Concurrency@@UAE@XZ 1000775b f i libconcrt:Exceptions.obj
 0001:0000675b       ??1invalid_scheduler_policy_thread_specification@Concurrency@@UAE@XZ 1000775b f i libconcrt:Exceptions.obj
 0001:0000675b       ??1bad_alloc@std@@UAE@XZ   1000775b f i libcpmt:xthrow.obj
 0001:0000675b       ??1nested_scheduler_missing_detach@Concurrency@@UAE@XZ 1000775b f i libconcrt:Exceptions.obj
 0001:0000675b       ??1bad_array_new_length@std@@UAE@XZ 1000775b f i LIBCMT:throw_bad_alloc.obj
 0001:0000675b       ??1context_unblock_unbalanced@Concurrency@@UAE@XZ 1000775b f i libconcrt:Exceptions.obj
 0001:0000675b       ??1scheduler_worker_creation_error@Concurrency@@UAE@XZ 1000775b f i libconcrt:Exceptions.obj
 0001:0000675b       ??1invalid_scheduler_policy_key@Concurrency@@UAE@XZ 1000775b f i libconcrt:Exceptions.obj
 0001:0000675b       ??1bad_cast@std@@UAE@XZ    1000775b f i libcpmt:cout.obj
 0001:0000675b       ??1context_self_unblock@Concurrency@@UAE@XZ 1000775b f i libconcrt:Exceptions.obj
 0001:0000675b       ??1invalid_oversubscribe_operation@Concurrency@@UAE@XZ 1000775b f i libconcrt:Exceptions.obj
 0001:0000675b       ??1out_of_range@std@@UAE@XZ 1000775b f i libcpmt:xthrow.obj
 0001:0000675b       ??1_Interruption_exception@details@Concurrency@@UAE@XZ 1000775b f i libconcrt:TaskCollection.obj
 0001:0000676c       ??_D?$basic_ostream@DU?$char_traits@D@std@@@std@@QAEXXZ 1000776c f i libcpmt:cout.obj
 0001:000067cc       ??_E?$basic_ostream@DU?$char_traits@D@std@@@std@@$4PPPPPPPM@A@AEPAXI@Z 100077cc f i libcpmt:cout.obj
 0001:000067d4       ??_E?$basic_filebuf@DU?$char_traits@D@std@@@std@@UAEPAXI@Z 100077d4 f i libcpmt:cout.obj
 0001:000067d4       ??_G?$basic_filebuf@DU?$char_traits@D@std@@@std@@UAEPAXI@Z 100077d4 f i libcpmt:cout.obj
 0001:000067f6       ??_G?$basic_ios@DU?$char_traits@D@std@@@std@@UAEPAXI@Z 100077f6 f i libcpmt:cout.obj
 0001:000067f6       ??_E?$basic_ios@DU?$char_traits@D@std@@@std@@UAEPAXI@Z 100077f6 f i libcpmt:cout.obj
 0001:00006850       ??_G?$basic_ostream@DU?$char_traits@D@std@@@std@@UAEPAXI@Z 10007850 f i libcpmt:cout.obj
 0001:00006850       ??_E?$basic_ostream@DU?$char_traits@D@std@@@std@@UAEPAXI@Z 10007850 f i libcpmt:cout.obj
 0001:00006875       ??_E?$basic_streambuf@DU?$char_traits@D@std@@@std@@UAEPAXI@Z 10007875 f i libcpmt:cout.obj
 0001:00006875       ??_G?$basic_streambuf@DU?$char_traits@D@std@@@std@@UAEPAXI@Z 10007875 f i libcpmt:cout.obj
 0001:00006897       ??_G?$codecvt@DDU_Mbstatet@@@std@@MAEPAXI@Z 10007897 f i libcpmt:cout.obj
 0001:00006897       ??_E?$codecvt@DDU_Mbstatet@@@std@@MAEPAXI@Z 10007897 f i libcpmt:cout.obj
 0001:000068ba       ??_Gios_base@std@@UAEPAXI@Z 100078ba f i libcpmt:cout.obj
 0001:000068ba       ??_Eios_base@std@@UAEPAXI@Z 100078ba f i libcpmt:cout.obj
 0001:00006914       ?_Endwrite@?$basic_filebuf@DU?$char_traits@D@std@@@std@@IAE_NXZ 10007914 f i libcpmt:cout.obj
 0001:00006a46       ?_Getcat@?$codecvt@DDU_Mbstatet@@@std@@SAIPAPBVfacet@locale@2@PBV42@@Z 10007a46 f i libcpmt:cout.obj
 0001:00006ac3       ?_Init@?$basic_filebuf@DU?$char_traits@D@std@@@std@@IAEXPAU_iobuf@@W4_Initfl@12@@Z 10007ac3 f i libcpmt:cout.obj
 0001:00006b41       ?_Init@?$basic_streambuf@DU?$char_traits@D@std@@@std@@IAEXXZ 10007b41 f i libcpmt:cout.obj
 0001:00006b85       ?_Init@ios_base@std@@IAEXXZ 10007b85 f i libcpmt:cout.obj
 0001:00006beb       ?_Initcvt@?$basic_filebuf@DU?$char_traits@D@std@@@std@@IAEXPBV?$codecvt@DDU_Mbstatet@@@2@@Z 10007beb f i libcpmt:cout.obj
 0001:00006c21       ?_Lock@?$basic_filebuf@DU?$char_traits@D@std@@@std@@UAEXXZ 10007c21 f i libcpmt:cout.obj
 0001:00006c31       ?_Reset_back@?$basic_filebuf@DU?$char_traits@D@std@@@std@@AAEXXZ 10007c31 f i libcpmt:cout.obj
 0001:00006c54       ?_Set_back@?$basic_filebuf@DU?$char_traits@D@std@@@std@@AAEXXZ 10007c54 f i libcpmt:cout.obj
 0001:00006c8a       ?_Unlock@?$basic_filebuf@DU?$char_traits@D@std@@@std@@UAEXXZ 10007c8a f i libcpmt:cout.obj
 0001:00006c9a       ?close@?$basic_filebuf@DU?$char_traits@D@std@@@std@@QAEPAV12@XZ 10007c9a f i libcpmt:cout.obj
 0001:00006cf9       ?AllowGeneralFetchOfReservedContexts@SchedulerBase@details@Concurrency@@MAE_NXZ 10007cf9 f i libconcrt:SchedulerBase.obj
 0001:00006cf9       ?SweepWaitNode@SingleWaitBlock@details@Concurrency@@UAE_NXZ 10007cf9 f i libconcrt:event.obj
 0001:00006cf9       ?do_always_noconv@?$codecvt@DDU_Mbstatet@@@std@@MBE_NXZ 10007cf9 f i libcpmt:cout.obj
 0001:00006cf9       ___acrt_uninitialize_command_line 10007cf9 f i libucrt:argv_data.obj
 0001:00006cfc       ?do_encoding@codecvt_base@std@@MBEHXZ 10007cfc f i libcpmt:cout.obj
 0001:00006cfc       ?do_max_length@codecvt_base@std@@MBEHXZ 10007cfc f i libcpmt:cout.obj
 0001:00006cfc       ?GetContextKind@ThreadInternalContext@details@Concurrency@@UBE?AW4ContextKind@ContextBase@23@XZ 10007cfc f i libconcrt:ThreadScheduler.obj
 0001:00006cfc       __get_startup_argv_mode    10007cfc f i LIBCMT:argv_mode.obj
 0001:00006d00       ?do_out@?$codecvt@DDU_Mbstatet@@@std@@MBEHAAU_Mbstatet@@PBD1AAPBDPAD3AAPAD@Z 10007d00 f i libcpmt:cout.obj
 0001:00006d00       ?do_in@?$codecvt@DDU_Mbstatet@@@std@@MBEHAAU_Mbstatet@@PBD1AAPBDPAD3AAPAD@Z 10007d00 f i libcpmt:cout.obj
 0001:00006d1a       ?do_length@?$codecvt@DDU_Mbstatet@@@std@@MBEHAAU_Mbstatet@@PBD1I@Z 10007d1a f i libcpmt:cout.obj
 0001:00006d32       ?do_unshift@?$codecvt@DDU_Mbstatet@@@std@@MBEHAAU_Mbstatet@@PAD1AAPAD@Z 10007d32 f i libcpmt:cout.obj
 0001:00006d43       ?erase@?$basic_string@DU?$char_traits@D@std@@V?$allocator@D@2@@std@@QAEAAV12@II@Z 10007d43 f i libcpmt:cout.obj
 0001:00006d8e       ?imbue@?$basic_filebuf@DU?$char_traits@D@std@@@std@@MAEXABVlocale@2@@Z 10007d8e f i libcpmt:cout.obj
 0001:00006daa       ?imbue@?$basic_streambuf@DU?$char_traits@D@std@@@std@@MAEXABVlocale@2@@Z 10007daa f i libcpmt:cout.obj
 0001:00006dad       ?init@?$basic_ios@DU?$char_traits@D@std@@@std@@IAEXPAV?$basic_streambuf@DU?$char_traits@D@std@@@2@_N@Z 10007dad f i libcpmt:cout.obj
 0001:00006df6       ?overflow@?$basic_filebuf@DU?$char_traits@D@std@@@std@@MAEHH@Z 10007df6 f i libcpmt:cout.obj
 0001:00006f96       ?pbackfail@?$basic_streambuf@DU?$char_traits@D@std@@@std@@MAEHH@Z 10007f96 f i libcpmt:cout.obj
 0001:00006f96       ?overflow@?$basic_streambuf@DU?$char_traits@D@std@@@std@@MAEHH@Z 10007f96 f i libcpmt:cout.obj
 0001:00006f9c       ?pbackfail@?$basic_filebuf@DU?$char_traits@D@std@@@std@@MAEHH@Z 10007f9c f i libcpmt:cout.obj
 0001:0000701f       ?seekoff@?$basic_filebuf@DU?$char_traits@D@std@@@std@@MAE?AV?$fpos@U_Mbstatet@@@2@_JHH@Z 1000801f f i libcpmt:cout.obj
 0001:000070eb       ?seekoff@?$basic_streambuf@DU?$char_traits@D@std@@@std@@MAE?AV?$fpos@U_Mbstatet@@@2@_JHH@Z 100080eb f i libcpmt:cout.obj
 0001:00007115       ?seekpos@?$basic_filebuf@DU?$char_traits@D@std@@@std@@MAE?AV?$fpos@U_Mbstatet@@@2@V32@H@Z 10008115 f i libcpmt:cout.obj
 0001:000071e0       ?seekpos@?$basic_streambuf@DU?$char_traits@D@std@@@std@@MAE?AV?$fpos@U_Mbstatet@@@2@V32@H@Z 100081e0 f i libcpmt:cout.obj
 0001:0000720a       ?setbuf@?$basic_filebuf@DU?$char_traits@D@std@@@std@@MAEPAV?$basic_streambuf@DU?$char_traits@D@std@@@2@PAD_J@Z 1000820a f i libcpmt:cout.obj
 0001:00007258       ?setbuf@?$basic_streambuf@DU?$char_traits@D@std@@@std@@MAEPAV12@PAD_J@Z 10008258 f i libcpmt:cout.obj
 0001:0000725d       ?showmanyc@?$basic_streambuf@DU?$char_traits@D@std@@@std@@MAE_JXZ 1000825d f i libcpmt:cout.obj
 0001:00007262       ?sync@?$basic_filebuf@DU?$char_traits@D@std@@@std@@MAEHXZ 10008262 f i libcpmt:cout.obj
 0001:0000729a       ?sync@?$basic_streambuf@DU?$char_traits@D@std@@@std@@MAEHXZ 1000829a f i libcpmt:cout.obj
 0001:0000729a       ?EnterHyperCriticalRegion@ContextBase@details@Concurrency@@QAEHXZ 1000829a f i libconcrt:ContextBase.obj
 0001:0000729a       ?PreRunnableSearch@VirtualProcessor@details@Concurrency@@UAEPAVInternalContextBase@23@XZ 1000829a f i libconcrt:VirtualProcessor.obj
 0001:0000729a       ?ExitHyperCriticalRegion@ContextBase@details@Concurrency@@QAEHXZ 1000829a f i libconcrt:ContextBase.obj
 0001:0000729a       ?GetDefaultDestination@VirtualProcessor@details@Concurrency@@UAEPAUIExecutionContext@3@XZ 1000829a f i libconcrt:VirtualProcessor.obj
 0001:0000729a       ?ExitCriticalRegion@ContextBase@details@Concurrency@@QAEHXZ 1000829a f i libconcrt:ContextBase.obj
 0001:0000729a       ?EnterCriticalRegion@ContextBase@details@Concurrency@@QAEHXZ 1000829a f i libconcrt:ContextBase.obj
 0001:0000729a       ?GetContextKind@ExternalContextBase@details@Concurrency@@EBE?AW4ContextKind@ContextBase@23@XZ 1000829a f i libconcrt:ExternalContextBase.obj
 0001:0000729d       ?uflow@?$basic_filebuf@DU?$char_traits@D@std@@@std@@MAEHXZ 1000829d f i libcpmt:cout.obj
 0001:0000743b       ?uflow@?$basic_streambuf@DU?$char_traits@D@std@@@std@@MAEHXZ 1000843b f i libcpmt:cout.obj
 0001:0000746d       ?underflow@?$basic_filebuf@DU?$char_traits@D@std@@@std@@MAEHXZ 1000846d f i libcpmt:cout.obj
 0001:000074bb       ?underflow@?$basic_streambuf@DU?$char_traits@D@std@@@std@@MAEHXZ 100084bb f i libcpmt:cout.obj
 0001:000074bb       ?GetVirtualProcessorId@ExternalContextBase@details@Concurrency@@UBEIXZ 100084bb f i libconcrt:ExternalContextBase.obj
 0001:000074bf       ?widen@?$basic_ios@DU?$char_traits@D@std@@@std@@QBEDD@Z 100084bf f i libcpmt:cout.obj
 0001:0000750d       ?xsgetn@?$basic_streambuf@DU?$char_traits@D@std@@@std@@MAE_JPAD_J@Z 1000850d f i libcpmt:cout.obj
 0001:00007604       ?xsputn@?$basic_streambuf@DU?$char_traits@D@std@@@std@@MAE_JPBD_J@Z 10008604 f i libcpmt:cout.obj
 0001:0000777d       ??0_Locimp@locale@std@@AAE@_N@Z 1000877d f i libcpmt:locale0.obj
 0001:000077c0       ??1_Fac_node@std@@QAE@XZ   100087c0 f i libcpmt:locale0.obj
 0001:0000781f       ??1_Fac_tidy_reg_t@std@@QAE@XZ 1000881f f i libcpmt:locale0.obj
 0001:00007846       ??1_Locimp@locale@std@@MAE@XZ 10008846 f i libcpmt:locale0.obj
 0001:000078a1       ??4?$_Yarn@D@std@@QAEAAV01@PBD@Z 100088a1 f i libcpmt:locale0.obj
 0001:000078f5       ??_G_Locimp@locale@std@@MAEPAXI@Z 100088f5 f i libcpmt:locale0.obj
 0001:000078f5       ??_E_Locimp@locale@std@@MAEPAXI@Z 100088f5 f i libcpmt:locale0.obj
 0001:00007917       ?_Facet_Register@std@@YAXPAV_Facet_base@1@@Z 10008917 f   libcpmt:locale0.obj
 0001:00007945       ?_Getgloballocale@locale@std@@CAPAV_Locimp@12@XZ 10008945 f   libcpmt:locale0.obj
 0001:0000794b       ?_Init@locale@std@@CAPAV_Locimp@12@_N@Z 1000894b f   libcpmt:locale0.obj
 0001:000079f3       ?_Locimp_dtor@_Locimp@locale@std@@CAXPAV123@@Z 100089f3 f   libcpmt:locale0.obj
 0001:00007a68       ?_Locinfo_ctor@_Locinfo@std@@SAXPAV12@PBD@Z 10008a68 f   libcpmt:locale0.obj
 0001:00007ab3       ?_Locinfo_dtor@_Locinfo@std@@SAXPAV12@@Z 10008ab3 f   libcpmt:locale0.obj
 0001:00007acd       ?_New_Locimp@_Locimp@locale@std@@CAPAV123@_N@Z 10008acd f   libcpmt:locale0.obj
 0001:00007af2       __Deletegloballocale       10008af2 f   libcpmt:locale0.obj
 0001:00007b57       ??0bad_alloc@std@@QAE@ABV01@@Z 10008b57 f i libcpmt:xthrow.obj
 0001:00007b72       ??0bad_alloc@std@@QAE@XZ   10008b72 f i libcpmt:xthrow.obj
 0001:00007b8a       ??0invalid_argument@std@@QAE@ABV01@@Z 10008b8a f i libcpmt:xthrow.obj
 0001:00007ba5       ??0invalid_argument@std@@QAE@PBD@Z 10008ba5 f i libcpmt:xthrow.obj
 0001:00007bc6       ??0length_error@std@@QAE@ABV01@@Z 10008bc6 f i libcpmt:xthrow.obj
 0001:00007be1       ??0length_error@std@@QAE@PBD@Z 10008be1 f i libcpmt:xthrow.obj
 0001:00007c02       ??0logic_error@std@@QAE@ABV01@@Z 10008c02 f i libcpmt:xthrow.obj
 0001:00007c1d       ??0out_of_range@std@@QAE@ABV01@@Z 10008c1d f i libcpmt:xthrow.obj
 0001:00007c38       ??0out_of_range@std@@QAE@PBD@Z 10008c38 f i libcpmt:xthrow.obj
 0001:00007c59       ?_Xbad_alloc@std@@YAXXZ    10008c59 f   libcpmt:xthrow.obj
 0001:00007c59       ?__scrt_throw_std_bad_alloc@@YAXXZ 10008c59 f   LIBCMT:throw_bad_alloc.obj
 0001:00007c76       ?_Xinvalid_argument@std@@YAXPBD@Z 10008c76 f   libcpmt:xthrow.obj
 0001:00007c96       ?_Xlength_error@std@@YAXPBD@Z 10008c96 f   libcpmt:xthrow.obj
 0001:00007cb6       ?_Xout_of_range@std@@YAXPBD@Z 10008cb6 f   libcpmt:xthrow.obj
 0001:00007cd6       ??0_Init_cerr@std@@QAE@XZ  10008cd6 f i libcpmt:cerr.obj
 0001:00007d05       ??0system_error@std@@QAE@HABVerror_category@1@PBD@Z 10008d05 f i libcpmt:thread0.obj
 0001:00007d4f       ?_Throw_C_error@std@@YAXH@Z 10008d4f f   libcpmt:thread0.obj
 0001:00007d7c       ?_Throw_Cpp_error@std@@YAXH@Z 10008d7c f   libcpmt:thread0.obj
 0001:00007db1       ?_Syserror_map@std@@YAPBDH@Z 10008db1 f   libcpmt:syserror.obj
 0001:00007dd6       ??0stl_critical_section_vista@details@Concurrency@@QAE@XZ 10008dd6 f i libcpmt:mutex.obj
 0001:00007df6       ?create_stl_critical_section@details@Concurrency@@YAXPAVstl_critical_section_interface@12@@Z 10008df6 f i libcpmt:mutex.obj
 0001:00007e6a       ?destroy@stl_critical_section_concrt@details@Concurrency@@UAEXXZ 10008e6a f i libcpmt:mutex.obj
 0001:00007e72       ?destroy@stl_critical_section_vista@details@Concurrency@@UAEXXZ 10008e72 f i libcpmt:mutex.obj
 0001:00007e7d       ?lock@stl_critical_section_concrt@details@Concurrency@@UAEXXZ 10008e7d f i libcpmt:mutex.obj
 0001:00007e85       ?lock@stl_critical_section_vista@details@Concurrency@@UAEXXZ 10008e85 f i libcpmt:mutex.obj
 0001:00007e90       ?lock@stl_critical_section_win7@details@Concurrency@@UAEXXZ 10008e90 f i libcpmt:mutex.obj
 0001:00008023       ?try_lock@stl_critical_section_concrt@details@Concurrency@@UAE_NXZ 10009023 f i libcpmt:mutex.obj
 0001:0000802b       ?try_lock@stl_critical_section_vista@details@Concurrency@@UAE_NXZ 1000902b f i libcpmt:mutex.obj
 0001:0000803b       ?try_lock@stl_critical_section_win7@details@Concurrency@@UAE_NXZ 1000903b f i libcpmt:mutex.obj
 0001:0000804b       ?try_lock_for@stl_critical_section_concrt@details@Concurrency@@UAE_NI@Z 1000904b f i libcpmt:mutex.obj
 0001:00008057       ?try_lock_for@stl_critical_section_vista@details@Concurrency@@UAE_NI@Z 10009057 f i libcpmt:mutex.obj
 0001:00008069       ?try_lock_for@stl_critical_section_win7@details@Concurrency@@UAE_NI@Z 10009069 f i libcpmt:mutex.obj
 0001:0000807b       ?unlock@stl_critical_section_concrt@details@Concurrency@@UAEXXZ 1000907b f i libcpmt:mutex.obj
 0001:00008083       ?unlock@stl_critical_section_vista@details@Concurrency@@UAEXXZ 10009083 f i libcpmt:mutex.obj
 0001:0000808e       ?unlock@stl_critical_section_win7@details@Concurrency@@UAEXXZ 1000908e f i libcpmt:mutex.obj
 0001:00008099       __Mtx_clear_owner          10009099 f   libcpmt:mutex.obj
 0001:000080a8       __Mtx_destroy_in_situ      100090a8 f   libcpmt:mutex.obj
 0001:000080c6       __Mtx_getconcrtcs          100090c6 f   libcpmt:mutex.obj
 0001:000080d1       __Mtx_init_in_situ         100090d1 f   libcpmt:mutex.obj
 0001:000080f2       __Mtx_lock                 100090f2 f   libcpmt:mutex.obj
 0001:00008103       __Mtx_reset_owner          10009103 f   libcpmt:mutex.obj
 0001:00008117       __Mtx_unlock               10009117 f   libcpmt:mutex.obj
 0001:00008141       __Getctype                 10009141 f   libcpmt:_tolower.obj
 0001:000081a9       __Tolower                  100091a9 f   libcpmt:_tolower.obj
 0001:000082a9       __Getcvt                   100092a9 f   libcpmt:xwctomb.obj
 0001:00008314       __Toupper                  10009314 f   libcpmt:_toupper.obj
 0001:00008414       __Xtime_diff_to_millis2    10009414 f   libcpmt:xtime.obj
 0001:00008553       _xtime_get                 10009553 f   libcpmt:xtime.obj
 0001:00008921       ___crtAcquireSRWLockExclusive 10009921 f   libcpmt:winapisupp.obj
 0001:00008940       ___crtCloseThreadpoolTimer 10009940 f   libcpmt:winapisupp.obj
 0001:00008961       ___crtCloseThreadpoolWait  10009961 f   libcpmt:winapisupp.obj
 0001:00008982       ___crtCreateEventExW       10009982 f   libcpmt:winapisupp.obj
 0001:000089c7       ___crtCreateSemaphoreExW   100099c7 f   libcpmt:winapisupp.obj
 0001:00008a1d       ___crtCreateThreadpoolTimer 10009a1d f   libcpmt:winapisupp.obj
 0001:00008a48       ___crtCreateThreadpoolWait 10009a48 f   libcpmt:winapisupp.obj
 0001:00008a73       ___crtFlushProcessWriteBuffers 10009a73 f   libcpmt:winapisupp.obj
 0001:00008a8d       ___crtFreeLibraryWhenCallbackReturns 10009a8d f   libcpmt:winapisupp.obj
 0001:00008ab1       ___crtGetCurrentProcessorNumber 10009ab1 f   libcpmt:winapisupp.obj
 0001:00008acf       ___crtGetSystemTimePreciseAsFileTime 10009acf f   libcpmt:winapisupp.obj
 0001:00008af8       ___crtGetTickCount64       10009af8 f   libcpmt:winapisupp.obj
 0001:00008b1c       ___crtInitOnceExecuteOnce  10009b1c f   libcpmt:winapisupp.obj
 0001:00008baa       ___crtInitializeConditionVariable 10009baa f   libcpmt:winapisupp.obj
 0001:00008bc9       ___crtInitializeCriticalSectionEx 10009bc9 f   libcpmt:winapisupp.obj
 0001:00008c01       ___crtInitializeSRWLock    10009c01 f   libcpmt:winapisupp.obj
 0001:00008c20       ___crtReleaseSRWLockExclusive 10009c20 f   libcpmt:winapisupp.obj
 0001:00008c3f       ___crtSetThreadpoolTimer   10009c3f f   libcpmt:winapisupp.obj
 0001:00008c69       ___crtSetThreadpoolWait    10009c69 f   libcpmt:winapisupp.obj
 0001:00008c90       ___crtSleepConditionVariableCS 10009c90 f   libcpmt:winapisupp.obj
 0001:00008cb5       ___crtSleepConditionVariableSRW 10009cb5 f   libcpmt:winapisupp.obj
 0001:00008cdd       ___crtTryAcquireSRWLockExclusive 10009cdd f   libcpmt:winapisupp.obj
 0001:00008cfc       ___crtWaitForThreadpoolTimerCallbacks 10009cfc f   libcpmt:winapisupp.obj
 0001:00008d20       ___crtWakeAllConditionVariable 10009d20 f   libcpmt:winapisupp.obj
 0001:00008d3f       ___crtWakeConditionVariable 10009d3f f   libcpmt:winapisupp.obj
 0001:00008d5e       __Mtxdst                   10009d5e f   libcpmt:xmtx.obj
 0001:00008d6c       __Mtxinit                  10009d6c f   libcpmt:xmtx.obj
 0001:00008d83       __Mtxlock                  10009d83 f   libcpmt:xmtx.obj
 0001:00008d91       __Mtxunlock                10009d91 f   libcpmt:xmtx.obj
 0001:00008d9f       ?_Addstd@ios_base@std@@SAXPAV12@@Z 10009d9f f   libcpmt:ios.obj
 0001:00008ded       ?_Callfns@ios_base@std@@AAEXW4event@12@@Z 10009ded f i libcpmt:ios.obj
 0001:00008e1f       ?_Ios_base_dtor@ios_base@std@@CAXPAV12@@Z 10009e1f f   libcpmt:ios.obj
 0001:00008e5f       ?_Tidy@ios_base@std@@AAEXXZ 10009e5f f i libcpmt:ios.obj
 0001:00008ea7       ??1_Init_atexit@@QAE@XZ    10009ea7 f i libcpmt:iosptrs.obj
 0001:00008f0b       ?_Atexit@@YAXP6AXXZ@Z      10009f0b f   libcpmt:iosptrs.obj
 0001:00008f39       ___crtLCMapStringA         10009f39 f   libcpmt:StlLCMapStringA.obj
 0001:00009110       __freea_crt                1000a110 f i libcpmt:StlLCMapStringA.obj
 0001:0000912e       _GetTableIndexFromLocaleName 1000a12e f   libcpmt:winapinls.obj
 0001:0000917c       ___crtDownlevelLocaleNameToLCID 1000a17c f   libcpmt:winapinls.obj
 0001:000091a6       ___crtLCMapStringEx        1000a1a6 f   libcpmt:winapinls.obj
 0001:000091fc       ___wcsnicmp_ascii          1000a1fc f   libcpmt:winapinls.obj
 0001:00009266       @__security_check_cookie@4 1000a266 f   LIBCMT:_secchk_.obj
 0001:00009277       ??_V@YAXPAX@Z              1000a277 f   LIBCMT:delete_array.obj
 0001:0000938f       __Init_thread_footer       1000a38f f   LIBCMT:thread_safe_statics.obj
 0001:000093d9       __Init_thread_header       1000a3d9 f   LIBCMT:thread_safe_statics.obj
 0001:0000942b       __Init_thread_notify       1000a42b f   LIBCMT:thread_safe_statics.obj
 0001:0000946c       __Init_thread_wait         1000a46c f   LIBCMT:thread_safe_statics.obj
 0001:000094d9       ??2@YAPAXI@Z               1000a4d9 f   LIBCMT:new_scalar.obj
 0001:00009509       ??$__crt_fast_encode_pointer@PAX@@YAPAXQAX@Z 1000a509 f i libvcruntime:winapi_downlevel.obj
 0001:00009509       ??$__crt_fast_encode_pointer@PAP6AXXZ@@YAPAP6AXXZQAP6AXXZ@Z 1000a509 f i LIBCMT:utility.obj
 0001:0000956a       ___scrt_acquire_startup_lock 1000a56a f   LIBCMT:utility.obj
 0001:0000959f       ___scrt_dllmain_after_initialize_c 1000a59f f   LIBCMT:utility.obj
 0001:000095ca       ___scrt_dllmain_before_initialize_c 1000a5ca f   LIBCMT:utility.obj
 0001:000095d8       ___scrt_dllmain_crt_thread_attach 1000a5d8 f   LIBCMT:utility.obj
 0001:000095f7       ___scrt_dllmain_crt_thread_detach 1000a5f7 f   LIBCMT:utility.obj
 0001:00009604       ___scrt_dllmain_exception_filter 1000a604 f   LIBCMT:utility.obj
 0001:00009637       ___scrt_dllmain_uninitialize_c 1000a637 f   LIBCMT:utility.obj
 0001:0000965a       ___scrt_dllmain_uninitialize_critical 1000a65a f   LIBCMT:utility.obj
 0001:00009667       ___scrt_initialize_crt     1000a667 f   LIBCMT:utility.obj
 0001:000096a0       ___scrt_initialize_onexit_tables 1000a6a0 f   LIBCMT:utility.obj
 0001:0000974a       ___scrt_is_nonwritable_in_current_image 1000a74a f   LIBCMT:utility.obj
 0001:000097d4       ___scrt_release_startup_lock 1000a7d4 f   LIBCMT:utility.obj
 0001:000097f1       ___scrt_uninitialize_crt   1000a7f1 f   LIBCMT:utility.obj
 0001:00009819       __onexit                   1000a819 f   LIBCMT:utility.obj
 0001:00009854       _atexit                    1000a854 f   LIBCMT:utility.obj
 0001:00009869       ??3@YAXPAXI@Z              1000a869 f   LIBCMT:delete_scalar_size.obj
 0001:00009877       ??_U@YAPAXI@Z              1000a877 f   LIBCMT:new_array.obj
 0001:00009b8d       __DllMainCRTStartup@12     1000ab8d f   LIBCMT:dll_dllmain.obj
 0001:00009bb0       ??_M@YGXPAXIIP6EX0@Z@Z     1000abb0 f   LIBCMT:ehvecdtr.obj
 0001:00009c2a       ?__ArrayUnwind@@YGXPAXIIP6EX0@Z@Z 1000ac2a f   LIBCMT:ehvecdtr.obj
 0001:00009c98       ??_V@YAXPAXI@Z             1000ac98 f   LIBCMT:delete_array_size.obj
 0001:00009ca6       @_guard_check_icall@4      1000aca6 f i LIBCMT:checkcfg.obj
 0001:00009cac       __EH_epilog3               1000acac f   LIBCMT:ehprolg3.obj
 0001:00009cc1       __EH_epilog3_GS            1000acc1 f   LIBCMT:ehprolg3.obj
 0001:00009cd2       __EH_prolog3               1000acd2 f   LIBCMT:ehprolg3.obj
 0001:00009d06       __EH_prolog3_GS            1000ad06 f   LIBCMT:ehprolg3.obj
 0001:00009d3d       __EH_prolog3_catch         1000ad3d f   LIBCMT:ehprolg3.obj
 0001:00009d74       ??_Gtype_info@@UAEPAXI@Z   1000ad74 f i LIBCMT:std_type_info_static.obj
 0001:00009d74       ??_Etype_info@@UAEPAXI@Z   1000ad74 f i LIBCMT:std_type_info_static.obj
 0001:00009da0       __aulldvrm                 1000ada0 f   LIBCMT:ulldvrm.obj
 0001:00009e40       __alloca_probe_16          1000ae40 f   LIBCMT:alloca16.obj
 0001:00009e56       __alloca_probe_8           1000ae56     LIBCMT:alloca16.obj
 0001:00009e70       __allmul                   1000ae70 f   LIBCMT:llmul.obj
 0001:00009eb0       __aulldiv                  1000aeb0 f   LIBCMT:ulldiv.obj
 0001:00009f18       ___raise_securityfailure   1000af18 f   LIBCMT:gs_report.obj
 0001:00009f40       ___report_gsfailure        1000af40 f   LIBCMT:gs_report.obj
 0001:0000a03b       ___report_rangecheckfailure 1000b03b f   LIBCMT:gs_report.obj
 0001:0000a047       ___report_securityfailure  1000b047 f   LIBCMT:gs_report.obj
 0001:0000a117       ??3@YAXPAX@Z               1000b117 f   LIBCMT:delete_scalar.obj
 0001:0000a11c       ___scrt_fastfail           1000b11c f   LIBCMT:utility_desktop.obj
 0001:0000a238       __crt_debugger_hook        1000b238 f   LIBCMT:utility_desktop.obj
 0001:0000a240       ??0bad_array_new_length@std@@QAE@ABV01@@Z 1000b240 f i LIBCMT:throw_bad_alloc.obj
 0001:0000a25b       ??0bad_array_new_length@std@@QAE@XZ 1000b25b f i LIBCMT:throw_bad_alloc.obj
 0001:0000a273       ?__scrt_throw_std_bad_array_new_length@@YAXXZ 1000b273 f   LIBCMT:throw_bad_alloc.obj
 0001:0000a290       ___isa_available_init      1000b290 f   LIBCMT:_cpu_disp_.obj
 0001:0000a429       ___scrt_is_ucrt_dll_in_use 1000b429 f   LIBCMT:ucrt_detection.obj
 0001:0000a440       __SEH_prolog4              1000b440 f   LIBCMT:_sehprolg4_.obj
 0001:0000a486       __SEH_epilog4              1000b486 f   LIBCMT:_sehprolg4_.obj
 0001:0000a4ea       ___security_init_cookie    1000b4ea f   LIBCMT:gs_support.obj
 0001:0000a535       _DllMain@12                1000b535 f   LIBCMT:dll_dllmain_stub.obj
 0001:0000a53b       ?__scrt_initialize_type_info@@YAXXZ 1000b53b f   LIBCMT:tncleanup.obj
 0001:0000a547       ?__scrt_uninitialize_type_info@@YAXXZ 1000b547 f   LIBCMT:tncleanup.obj
 0001:0000a553       ___local_stdio_scanf_options 1000b553 f i LIBCMT:default_local_stdio_options.obj
 0001:0000a559       ___scrt_initialize_default_local_stdio_options 1000b559 f   LIBCMT:default_local_stdio_options.obj
 0001:0000a576       ___scrt_get_dyn_tls_init_callback 1000b576 f   LIBCMT:dyn_tls_init.obj
 0001:0000a57c       __RTC_Initialize           1000b57c f   LIBCMT:_initsect_.obj
 0001:0000a5a7       __RTC_Terminate            1000b5a7 f   LIBCMT:_initsect_.obj
 0001:0000a5e0       __alloca_probe             1000b5e0 f   LIBCMT:chkstk.obj
 0001:0000a5e0       __chkstk                   1000b5e0 f   LIBCMT:chkstk.obj
 0001:0000a60d       ??0MultiWaitBlock@details@Concurrency@@QAE@I_N0@Z 1000b60d f i libconcrt:event.obj
 0001:0000a649       ??0MultiWaitBlockHolder@details@Concurrency@@QAE@_NI00@Z 1000b649 f   libconcrt:event.obj
 0001:0000a6f1       ??0TimedSingleWaitBlock@details@Concurrency@@QAE@_N@Z 1000b6f1 f i libconcrt:event.obj
 0001:0000a720       ??0WaitAnyBlock@details@Concurrency@@QAE@I_N0@Z 1000b720 f i libconcrt:event.obj
 0001:0000a748       ??0WaitBlock@details@Concurrency@@QAE@XZ 1000b748 f i libconcrt:event.obj
 0001:0000a768       ??0_Condition_variable@details@Concurrency@@QAE@XZ 1000b768 f   libconcrt:event.obj
 0001:0000a787       ??0event@Concurrency@@QAE@XZ 1000b787 f   libconcrt:event.obj
 0001:0000a7aa       ??1?$_MallocaArrayHolder@PAVContext@Concurrency@@@details@Concurrency@@UAE@XZ 1000b7aa f i libconcrt:event.obj
 0001:0000a7ba       ??1MultiWaitBlockHolder@details@Concurrency@@QAE@XZ 1000b7ba f   libconcrt:event.obj
 0001:0000a7d8       ??1_Condition_variable@details@Concurrency@@QAE@XZ 1000b7d8 f   libconcrt:event.obj
 0001:0000a826       ??1event@Concurrency@@QAE@XZ 1000b826 f   libconcrt:event.obj
 0001:0000a8e0       ??_E?$_MallocaArrayHolder@PAVContext@Concurrency@@@details@Concurrency@@UAEPAXI@Z 1000b8e0 f i libconcrt:event.obj
 0001:0000a8e0       ??_G?$_MallocaArrayHolder@PAVContext@Concurrency@@@details@Concurrency@@UAEPAXI@Z 1000b8e0 f i libconcrt:event.obj
 0001:0000a90c       ?SweepResetNode@WaitAnyBlock@details@Concurrency@@UAE_NXZ 1000b90c f   libconcrt:event.obj
 0001:0000a90c       ?Reset@SingleWaitBlock@details@Concurrency@@UAE_NXZ 1000b90c f   libconcrt:event.obj
 0001:0000a90c       ?Reset@WaitAnyBlock@details@Concurrency@@UAE_NXZ 1000b90c f   libconcrt:event.obj
 0001:0000a90c       ?SweepResetNode@SingleWaitBlock@details@Concurrency@@UAE_NXZ 1000b90c f   libconcrt:event.obj
 0001:0000a90c       ?Destroy@SingleWaitBlock@details@Concurrency@@UAEXXZ 1000b90c f   libconcrt:event.obj
 0001:0000a90d       ?Destroy@TimedSingleWaitBlock@details@Concurrency@@UAEXXZ 1000b90d f   libconcrt:event.obj
 0001:0000a926       ?Destroy@WaitAllBlock@details@Concurrency@@UAEXXZ 1000b926 f   libconcrt:event.obj
 0001:0000a92b       ?DispatchEventTimer@MultiWaitBlock@details@Concurrency@@SGXPAU_TP_CALLBACK_INSTANCE@@PAXPAU_TP_TIMER@@@Z 1000b92b f   libconcrt:event.obj
 0001:0000a98a       ?DispatchEventTimer@TimedSingleWaitBlock@details@Concurrency@@SGXPAU_TP_CALLBACK_INSTANCE@@PAXPAU_TP_TIMER@@@Z 1000b98a f   libconcrt:event.obj
 0001:0000a9bc       ?DispatchEventTimerXP@MultiWaitBlock@details@Concurrency@@SGXPAXE@Z 1000b9bc f   libconcrt:event.obj
 0001:0000aa13       ?DispatchEventTimerXP@TimedSingleWaitBlock@details@Concurrency@@SGXPAXE@Z 1000ba13 f   libconcrt:event.obj
 0001:0000aa34       ?GetSharedTimerQueue@details@Concurrency@@YAPAXXZ 1000ba34 f   libconcrt:event.obj
 0001:0000aaca       ?NotifyCompletedNode@MultiWaitBlock@details@Concurrency@@QAEXXZ 1000baca f   libconcrt:event.obj
 0001:0000aae3       ?Reset@WaitAllBlock@details@Concurrency@@UAE_NXZ 1000bae3 f   libconcrt:event.obj
 0001:0000ab1c       ?Satisfy@SingleWaitBlock@details@Concurrency@@UAE_NPAPAVContext@3@PAVEventWaitNode@23@@Z 1000bb1c f   libconcrt:event.obj
 0001:0000ab75       ?Satisfy@TimedSingleWaitBlock@details@Concurrency@@UAE_NPAPAVContext@3@PAVEventWaitNode@23@@Z 1000bb75 f   libconcrt:event.obj
 0001:0000abcd       ?Satisfy@WaitAllBlock@details@Concurrency@@UAE_NPAPAVContext@3@PAVEventWaitNode@23@@Z 1000bbcd f   libconcrt:event.obj
 0001:0000ac13       ?Satisfy@WaitAnyBlock@details@Concurrency@@UAE_NPAPAVContext@3@PAVEventWaitNode@23@@Z 1000bc13 f   libconcrt:event.obj
 0001:0000ac55       ?Set@StructuredEvent@details@Concurrency@@QAEXXZ 1000bc55 f   libconcrt:event.obj
 0001:0000ac9c       ?SingleSatisfy@MultiWaitBlock@details@Concurrency@@MAEXPAPAVContext@3@PAVEventWaitNode@23@@Z 1000bc9c f   libconcrt:event.obj
 0001:0000ad4b       ?Sweep@details@Concurrency@@YAPAVEventWaitNode@12@PAV312@_N@Z 1000bd4b f   libconcrt:event.obj
 0001:0000ad9d       ?SweepResetNode@WaitAllBlock@details@Concurrency@@UAE_NXZ 1000bd9d f   libconcrt:event.obj
 0001:0000adcf       ?SweepWaitNode@TimedSingleWaitBlock@details@Concurrency@@UAE_NXZ 1000bdcf f   libconcrt:event.obj
 0001:0000adf2       ?SweepWaitNode@WaitAllBlock@details@Concurrency@@UAE_NXZ 1000bdf2 f   libconcrt:event.obj
 0001:0000ae35       ?SweepWaitNode@WaitAnyBlock@details@Concurrency@@UAE_NXZ 1000be35 f   libconcrt:event.obj
 0001:0000ae6c       ?_InitOnRawMalloca@?$_MallocaArrayHolder@PAVContext@Concurrency@@@details@Concurrency@@QAEPAPAVContext@3@PAX@Z 1000be6c f i libconcrt:event.obj
 0001:0000ae6c       ?_InitOnRawMalloca@?$_MallocaArrayHolder@PAVevent@Concurrency@@@details@Concurrency@@QAEPAPAVevent@3@PAX@Z 1000be6c f i libconcrt:TaskCollection.obj
 0001:0000ae9d       ?_SetSpinCount@?$_SpinWait@$00@details@Concurrency@@QAEXI@Z 1000be9d f i libconcrt:event.obj
 0001:0000aebb       ?_SetSpinCount@?$_SpinWait@$0A@@details@Concurrency@@QAEXI@Z 1000bebb f i libconcrt:event.obj
 0001:0000aeda       ?_SpinOnce@?$_SpinWait@$00@details@Concurrency@@QAE_NXZ 1000beda f i libconcrt:event.obj
 0001:0000af61       ?_SpinOnce@?$_SpinWait@$0A@@details@Concurrency@@QAE_NXZ 1000bf61 f i libconcrt:event.obj
 0001:0000afd8       ?createTimer@TimedSingleWaitBlock@details@Concurrency@@QAE_NI@Z 1000bfd8 f i libconcrt:event.obj
 0001:0000b03b       ?destroyTimer@TimedSingleWaitBlock@details@Concurrency@@QAEX_N@Z 1000c03b f i libconcrt:event.obj
 0001:0000b087       ?notify_all@_Condition_variable@details@Concurrency@@QAEXXZ 1000c087 f   libconcrt:event.obj
 0001:0000b117       ?notify_one@_Condition_variable@details@Concurrency@@QAEXXZ 1000c117 f   libconcrt:event.obj
 0001:0000b1d0       ?set@event@Concurrency@@QAEXXZ 1000c1d0 f   libconcrt:event.obj
 0001:0000b306       ?wait@_Condition_variable@details@Concurrency@@QAEXAAVcritical_section@3@@Z 1000c306 f   libconcrt:event.obj
 0001:0000b36a       ?wait@event@Concurrency@@QAEII@Z 1000c36a f   libconcrt:event.obj
 0001:0000b446       ?wait_for@_Condition_variable@details@Concurrency@@QAE_NAAVcritical_section@3@I@Z 1000c446 f   libconcrt:event.obj
 0001:0000b52d       ?wait_for_multiple@event@Concurrency@@SAIPAPAV12@I_NI@Z 1000c52d f   libconcrt:event.obj
 0001:0000b80f       __freea                    1000c80f f i libconcrt:event.obj
 0001:0000b82d       ??0LockQueueNode@details@Concurrency@@QAE@I@Z 1000c82d f i libconcrt:rtlocks.obj
 0001:0000b8ef       ??0_ReentrantBlockingLock@details@Concurrency@@QAE@XZ 1000c8ef f   libconcrt:rtlocks.obj
 0001:0000b8ef       ??0_NonReentrantBlockingLock@details@Concurrency@@QAE@XZ 1000c8ef f   libconcrt:rtlocks.obj
 0001:0000b904       ??0_ReaderWriterLock@details@Concurrency@@QAE@XZ 1000c904 f   libconcrt:rtlocks.obj
 0001:0000b914       ??0critical_section@Concurrency@@QAE@XZ 1000c914 f   libconcrt:rtlocks.obj
 0001:0000b93e       ??0improper_lock@Concurrency@@QAE@ABV01@@Z 1000c93e f i libconcrt:rtlocks.obj
 0001:0000b959       ??0scoped_lock@critical_section@Concurrency@@QAE@AAV12@@Z 1000c959 f   libconcrt:rtlocks.obj
 0001:0000b99a       ??1_ReentrantBlockingLock@details@Concurrency@@QAE@XZ 1000c99a f   libconcrt:rtlocks.obj
 0001:0000b99a       ??1_NonReentrantBlockingLock@details@Concurrency@@QAE@XZ 1000c99a f   libconcrt:rtlocks.obj
 0001:0000b9a2       ??1scoped_lock@critical_section@Concurrency@@QAE@XZ 1000c9a2 f   libconcrt:rtlocks.obj
 0001:0000b9da       ?Block@LockQueueNode@details@Concurrency@@QAEXI@Z 1000c9da f i libconcrt:rtlocks.obj
 0001:0000ba62       ?DerefTimerNode@LockQueueNode@details@Concurrency@@QAEXXZ 1000ca62 f i libconcrt:rtlocks.obj
 0001:0000ba81       ?DispatchNodeTimeoutTimer@LockQueueNode@details@Concurrency@@SGXPAU_TP_CALLBACK_INSTANCE@@PAXPAU_TP_TIMER@@@Z 1000ca81 f i libconcrt:rtlocks.obj
 0001:0000bac7       ?DispatchNodeTimeoutTimerXP@LockQueueNode@details@Concurrency@@SGXPAXE@Z 1000cac7 f i libconcrt:rtlocks.obj
 0001:0000bb13       ?TryCompensateTimer@LockQueueNode@details@Concurrency@@QAEXXZ 1000cb13 f i libconcrt:rtlocks.obj
 0001:0000bb38       ?Unblock@LockQueueNode@details@Concurrency@@QAE_NXZ 1000cb38 f i libconcrt:rtlocks.obj
 0001:0000bb69       ?UpdateQueuePosition@LockQueueNode@details@Concurrency@@QAEXPAV123@@Z 1000cb69 f i libconcrt:rtlocks.obj
 0001:0000bbd2       ?WaitForNextNode@LockQueueNode@details@Concurrency@@QAEPAV123@XZ 1000cbd2 f i libconcrt:rtlocks.obj
 0001:0000bbff       ?_Acquire@_NonReentrantBlockingLock@details@Concurrency@@QAEXXZ 1000cbff f   libconcrt:rtlocks.obj
 0001:0000bbff       ?_Acquire@_ReentrantBlockingLock@details@Concurrency@@QAEXXZ 1000cbff f   libconcrt:rtlocks.obj
 0001:0000bc07       ?_AcquireRead@_ReaderWriterLock@details@Concurrency@@QAEXXZ 1000cc07 f   libconcrt:rtlocks.obj
 0001:0000bc37       ?_AcquireWrite@_ReaderWriterLock@details@Concurrency@@QAEXXZ 1000cc37 f   libconcrt:rtlocks.obj
 0001:0000bc65       ?_Acquire_lock@critical_section@Concurrency@@QAE_NPAX_N@Z 1000cc65 f   libconcrt:rtlocks.obj
 0001:0000bd02       ?_FlushWriteOwners@_ReaderWriterLock@details@Concurrency@@QAEXXZ 1000cd02 f   libconcrt:rtlocks.obj
 0001:0000bd18       ?_Flush_current_owner@critical_section@Concurrency@@QAEXXZ 1000cd18 f   libconcrt:rtlocks.obj
 0001:0000bd30       ?_Initialize@_SpinCount@details@Concurrency@@SAXXZ 1000cd30 f   libconcrt:rtlocks.obj
 0001:0000bd47       ?_Release@_ReentrantBlockingLock@details@Concurrency@@QAEXXZ 1000cd47 f   libconcrt:rtlocks.obj
 0001:0000bd47       ?_Release@_NonReentrantBlockingLock@details@Concurrency@@QAEXXZ 1000cd47 f   libconcrt:rtlocks.obj
 0001:0000bd4f       ?_ReleaseRead@_ReaderWriterLock@details@Concurrency@@QAEXXZ 1000cd4f f   libconcrt:rtlocks.obj
 0001:0000bd53       ?_ReleaseWrite@_ReaderWriterLock@details@Concurrency@@QAEXXZ 1000cd53 f   libconcrt:rtlocks.obj
 0001:0000bd5e       ?_Switch_to_active@critical_section@Concurrency@@AAEXPAX@Z 1000cd5e f   libconcrt:rtlocks.obj
 0001:0000bdad       ?_TryAcquireWrite@_ReaderWriterLock@details@Concurrency@@QAE_NXZ 1000cdad f   libconcrt:rtlocks.obj
 0001:0000bdc4       ?_Value@_SpinCount@details@Concurrency@@SAIXZ 1000cdc4 f   libconcrt:rtlocks.obj
 0001:0000bdca       ?_WaitEquals@_ReaderWriterLock@details@Concurrency@@CAXADJJJ@Z 1000cdca f   libconcrt:rtlocks.obj
 0001:0000be07       ?lock@critical_section@Concurrency@@QAEXXZ 1000ce07 f   libconcrt:rtlocks.obj
 0001:0000be37       ?try_lock@critical_section@Concurrency@@QAE_NXZ 1000ce37 f   libconcrt:rtlocks.obj
 0001:0000be84       ?try_lock_for@critical_section@Concurrency@@QAE_NI@Z 1000ce84 f   libconcrt:rtlocks.obj
 0001:0000bee2       ?unlock@critical_section@Concurrency@@QAEXXZ 1000cee2 f   libconcrt:rtlocks.obj
 0001:0000bf53       ??0scheduler_resource_allocation_error@Concurrency@@QAE@ABV01@@Z 1000cf53 f i libconcrt:Platform.obj
 0001:0000bf77       ??1DefaultWaiterPool@platform@details@Concurrency@@QAE@XZ 1000cf77 f i libconcrt:Platform.obj
 0001:0000bf9c       ??1WaiterThreadPool@platform@details@Concurrency@@QAE@XZ 1000cf9c f i libconcrt:Platform.obj
 0001:0000bfbe       ??_Gscheduler_worker_creation_error@Concurrency@@UAEPAXI@Z 1000cfbe f i libconcrt:Exceptions.obj
 0001:0000bfbe       ??_Escheduler_worker_creation_error@Concurrency@@UAEPAXI@Z 1000cfbe f i libconcrt:Exceptions.obj
 0001:0000bfbe       ??_Escheduler_resource_allocation_error@Concurrency@@UAEPAXI@Z 1000cfbe f i libconcrt:Platform.obj
 0001:0000bfbe       ??_Gscheduler_resource_allocation_error@Concurrency@@UAEPAXI@Z 1000cfbe f i libconcrt:Platform.obj
 0001:0000bfeb       ?InitializeSystemFunctionPointers@platform@details@Concurrency@@YAXXZ 1000cfeb f   libconcrt:Platform.obj
 0001:0000c09e       ?__ChangeTimerQueueTimer@platform@details@Concurrency@@YAHPAX0KK@Z 1000d09e f   libconcrt:Platform.obj
 0001:0000c0b5       ?__CloseThreadHandle@platform@details@Concurrency@@YAXPAX@Z 1000d0b5 f   libconcrt:Platform.obj
 0001:0000c0c3       ?__CreateAutoResetEvent@platform@details@Concurrency@@YAPAX_N@Z 1000d0c3 f   libconcrt:Platform.obj
 0001:0000c115       ?__CreateThread@platform@details@Concurrency@@YAPAXPAU_SECURITY_ATTRIBUTES@@IP6GKPAX@Z1KPAK@Z 1000d115 f   libconcrt:Platform.obj
 0001:0000c132       ?__CreateTimerQueueTimer@platform@details@Concurrency@@YAHPAPAXPAXP6GX1E@Z1KKK@Z 1000d132 f   libconcrt:Platform.obj
 0001:0000c152       ?__DeleteTimerQueueTimer@platform@details@Concurrency@@YAXPAX00@Z 1000d152 f   libconcrt:Platform.obj
 0001:0000c181       ?__GetCurrentProcessorNumberEx@platform@details@Concurrency@@YAXPAU_PROCESSOR_NUMBER@@@Z 1000d181 f   libconcrt:Platform.obj
 0001:0000c1a2       ?__GetLogicalProcessorInformation@platform@details@Concurrency@@YAPAU_SYSTEM_LOGICAL_PROCESSOR_INFORMATION@@PAK@Z 1000d1a2 f   libconcrt:Platform.obj
 0001:0000c22d       ?__GetLogicalProcessorInformationEx@platform@details@Concurrency@@YAPAU_SYSTEM_LOGICAL_PROCESSOR_INFORMATION_EX@@W4_LOGICAL_PROCESSOR_RELATIONSHIP@@PAK@Z 1000d22d f   libconcrt:Platform.obj
 0001:0000c2e3       ?__GetNumaHighestNodeNumber@platform@details@Concurrency@@YAKXZ 1000d2e3 f   libconcrt:Platform.obj
 0001:0000c32a       ?__GetThreadGroupAffinity@platform@details@Concurrency@@YAHPAXPAU_GROUP_AFFINITY@@@Z 1000d32a f   libconcrt:Platform.obj
 0001:0000c384       ?__GetThreadPriority@platform@details@Concurrency@@YAHPAX@Z 1000d384 f   libconcrt:Platform.obj
 0001:0000c392       ?__GetTickCount64@platform@details@Concurrency@@YA_KXZ 1000d392 f   libconcrt:Platform.obj
 0001:0000c397       ?__InitializeCriticalSectionEx@platform@details@Concurrency@@YAHPAU_RTL_CRITICAL_SECTION@@K@Z 1000d397 f   libconcrt:Platform.obj
 0001:0000c3ac       ?__RegisterWaitForSingleObject@platform@details@Concurrency@@YAPAXPAXP6GX0E@Z0@Z 1000d3ac f   libconcrt:Platform.obj
 0001:0000c400       ?__SetThreadGroupAffinity@platform@details@Concurrency@@YAHPAXPBU_GROUP_AFFINITY@@@Z 1000d400 f   libconcrt:Platform.obj
 0001:0000c443       ?__SetThreadPriority@platform@details@Concurrency@@YAXPAXH@Z 1000d443 f   libconcrt:Platform.obj
 0001:0000c489       ?__SignalObjectAndWait@platform@details@Concurrency@@YAKPAX0KH@Z 1000d489 f   libconcrt:Platform.obj
 0001:0000c4a0       ?__Sleep@platform@details@Concurrency@@YAXK@Z 1000d4a0 f   libconcrt:Platform.obj
 0001:0000c4ae       ?__SwitchToThread@platform@details@Concurrency@@YAXXZ 1000d4ae f   libconcrt:Platform.obj
 0001:0000c4b4       ?__TlsAlloc@platform@details@Concurrency@@YAKXZ 1000d4b4 f   libconcrt:Platform.obj
 0001:0000c4f5       ?__TlsFree@platform@details@Concurrency@@YAXK@Z 1000d4f5 f   libconcrt:Platform.obj
 0001:0000c503       ?__TlsGetValue@platform@details@Concurrency@@YAPAXK@Z 1000d503 f   libconcrt:Platform.obj
 0001:0000c511       ?__TlsSetValue@platform@details@Concurrency@@YAXKPAX@Z 1000d511 f   libconcrt:Platform.obj
 0001:0000c557       ?__UnregisterWait@platform@details@Concurrency@@YAXPAX@Z 1000d557 f   libconcrt:Platform.obj
 0001:0000c565       ?__WaitForThread@platform@details@Concurrency@@YAKPAXK@Z 1000d565 f   libconcrt:Platform.obj
 0001:0000c578       ?notify@WaiterThread@platform@details@Concurrency@@AAEX_N@Z 1000d578 f i libconcrt:Platform.obj
 0001:0000c5ac       __concrt_static_cleanup    1000d5ac f   libconcrt:utils.obj
 0001:0000c5ba       ?DecodePointer@Security@details@Concurrency@@SAPAXPAX@Z 1000d5ba f   libconcrt:utils.obj
 0001:0000c5ba       ?EncodePointer@Security@details@Concurrency@@SAPAXPAX@Z 1000d5ba f   libconcrt:utils.obj
 0001:0000c5c7       ?DeleteAsyncTimerAndUnloadLibrary@details@Concurrency@@YAXPAU_TP_TIMER@@@Z 1000d5c7 f   libconcrt:utils.obj
[...]
 0002:000124b0       __sehtable$??$?RV<lambda_a7e850c220f1c8d1e6efeecdedd162c6>@@AAV<lambda_46720907175c18b6c9d2717bc0d2d362>@@V<lambda_9048902d66e8d99359bc9897bbb930a8>@@@?$__crt_seh_guarded_call@X@@QAEX$$QAV<lambda_a7e850c220f1c8d1e6efeecdedd162c6>@@AAV<lambda_46720907175c18b6c9d2717bc0d2d362>@@$$QAV<lambda_9048902d66e8d99359bc9897bbb930a8>@@@Z 100524b0     libucrt:per_thread_data.obj
 0002:000124d0       __sehtable$??$?RV<lambda_38edbb1296d33220d7e4dd0ed76b244a>@@AAV<lambda_5ce1d447e08cb34b2473517608e21441>@@V<lambda_fb385d3da700c9147fc39e65dd577a8c>@@@?$__crt_seh_guarded_call@X@@QAEX$$QAV<lambda_38edbb1296d33220d7e4dd0ed76b244a>@@AAV<lambda_5ce1d447e08cb34b2473517608e21441>@@$$QAV<lambda_fb385d3da700c9147fc39e65dd577a8c>@@@Z 100524d0     libucrt:per_thread_data.obj
 0002:000124f0       __sehtable$??$?RV<lambda_6affb1475c98b40b75cdec977db92e3c>@@AAV<lambda_b8d4b9c228a6ecc3f80208dbb4b4a104>@@V<lambda_608742c3c92a14382c1684fc64f96c88>@@@?$__crt_seh_guarded_call@X@@QAEX$$QAV<lambda_6affb1475c98b40b75cdec977db92e3c>@@AAV<lambda_b8d4b9c228a6ecc3f80208dbb4b4a104>@@$$QAV<lambda_608742c3c92a14382c1684fc64f96c88>@@@Z 100524f0     libucrt:per_thread_data.obj
 0002:00012510       __sehtable$??$?RV<lambda_e5124f882df8998aaf41531e079ba474>@@AAV<lambda_3e16ef9562a7dcce91392c22ab16ea36>@@V<lambda_e25ca0880e6ef98be67edffd8c599615>@@@?$__crt_seh_guarded_call@X@@QAEX$$QAV<lambda_e5124f882df8998aaf41531e079ba474>@@AAV<lambda_3e16ef9562a7dcce91392c22ab16ea36>@@$$QAV<lambda_e25ca0880e6ef98be67edffd8c599615>@@@Z 10052510     libucrt:wsetlocale.obj
 0002:00012530       __sehtable$??$?RV<lambda_303d0ad9bde654cb3f803a73716ce7a4>@@AAV<lambda_92fe181106aff629c9a2e25713a64969>@@V<lambda_184325e10b6cff6f771390cbceab281b>@@@?$__crt_seh_guarded_call@X@@QAEX$$QAV<lambda_303d0ad9bde654cb3f803a73716ce7a4>@@AAV<lambda_92fe181106aff629c9a2e25713a64969>@@$$QAV<lambda_184325e10b6cff6f771390cbceab281b>@@@Z 10052530     libucrt:wsetlocale.obj
 0002:00012550       __sehtable$??$?RV<lambda_38c1253c7a74f5d2d430989951395d98>@@AAV<lambda_b163b37eafe0a13f2c371fafeb0365c9>@@AAV<lambda_8dff2cf36a5417162780cd64fa2883ef>@@@?$__crt_seh_guarded_call@X@@QAEX$$QAV<lambda_38c1253c7a74f5d2d430989951395d98>@@AAV<lambda_b163b37eafe0a13f2c371fafeb0365c9>@@AAV<lambda_8dff2cf36a5417162780cd64fa2883ef>@@@Z 10052550     libucrt:wsetlocale.obj
 0002:00012570       __sehtable$___acrt_initialize_lowio 10052570     libucrt:ioinit.obj
 0002:00012590       __sehtable$??$?RV<lambda_93797fb4802c957ba6a7f08e1250235b>@@AAV<lambda_1f3ce6bd48e0aa2e72a71c02eee379d3>@@V<lambda_56cae30c9364c9b6c15aeaac05d0418e>@@@?$__crt_seh_guarded_call@H@@QAEH$$QAV<lambda_93797fb4802c957ba6a7f08e1250235b>@@AAV<lambda_1f3ce6bd48e0aa2e72a71c02eee379d3>@@$$QAV<lambda_56cae30c9364c9b6c15aeaac05d0418e>@@@Z 10052590     libucrt:winapi_thunks.obj
 0002:000125b0       __sehtable$__fcloseall     100525b0     libucrt:closeall.obj
 0002:000125d0       __sehtable$??$?RV<lambda_218ce3db14220d0be481dae8ef3383b6>@@AAV<lambda_628dfdc04ba53c8bfc02c9951375f3f5>@@V<lambda_57dc472bd5c9d5f3b2cbca59b8a843ae>@@@?$__crt_seh_guarded_call@H@@QAEH$$QAV<lambda_218ce3db14220d0be481dae8ef3383b6>@@AAV<lambda_628dfdc04ba53c8bfc02c9951375f3f5>@@$$QAV<lambda_57dc472bd5c9d5f3b2cbca59b8a843ae>@@@Z 100525d0     libucrt:close.obj
 0002:000125f0       __sehtable$??$?RV<lambda_9e9de3de5fa147e2223d7db92bc10aa6>@@AAV<lambda_38ce7e780aa69e748d6df282ebc68efe>@@V<lambda_8ca6da459f0f6780f1cff60fdc3d00e5>@@@?$__crt_seh_guarded_call@H@@QAEH$$QAV<lambda_9e9de3de5fa147e2223d7db92bc10aa6>@@AAV<lambda_38ce7e780aa69e748d6df282ebc68efe>@@$$QAV<lambda_8ca6da459f0f6780f1cff60fdc3d00e5>@@@Z 100525f0     libucrt:commit.obj
 0002:00012610       __sehtable$__write         10052610     libucrt:write.obj
 0002:00012630       __sehtable$??$common_ftell@_J@@YA_JV__crt_stdio_stream@@@Z 10052630     libucrt:ftell.obj
 0002:00012650       __sehtable$??$common_lseek@_J@@YA_JH_JH@Z 10052650     libucrt:lseek.obj
 0002:00012670       __sehtable$?update_thread_multibyte_data_internal@@YAPAU__crt_multibyte_data@@QAU__acrt_ptd@@QAPAU1@@Z 10052670     libucrt:mbctype.obj
 0002:00012690       __sehtable$??$?RV<lambda_ceb1ee4838e85a9d631eb091e2fbe199>@@AAV<lambda_ae742caa10f662c28703da3d2ea5e57e>@@V<lambda_cd08b5d6af4937fe54fc07d0c9bf6b37>@@@?$__crt_seh_guarded_call@X@@QAEX$$QAV<lambda_ceb1ee4838e85a9d631eb091e2fbe199>@@AAV<lambda_ae742caa10f662c28703da3d2ea5e57e>@@$$QAV<lambda_cd08b5d6af4937fe54fc07d0c9bf6b37>@@@Z 10052690     libucrt:mbctype.obj
 0002:000126b0       __sehtable$___acrt_update_thread_locale_data 100526b0     libucrt:locale_refcounting.obj
 0002:000126d0       __sehtable$___acrt_lowio_ensure_fh_exists 100526d0     libucrt:osfinfo.obj
 0002:000126f0       __sehtable$__read          100526f0     libucrt:read.obj
 0002:0001270c       __unwindtable$?_CurrentException@__ExceptionPtr@@SA?AV?$shared_ptr@V__ExceptionPtr@@@std@@XZ 1005270c     libcpmt:excptptr.obj
 0002:0001271c       __tryblocktable$?_CurrentException@__ExceptionPtr@@SA?AV?$shared_ptr@V__ExceptionPtr@@@std@@XZ 1005271c     libcpmt:excptptr.obj
 0002:00012730       __catchsym$?_CurrentException@__ExceptionPtr@@SA?AV?$shared_ptr@V__ExceptionPtr@@@std@@XZ$4 10052730     libcpmt:excptptr.obj
 0002:00012750       __ehfuncinfo$?_CurrentException@__ExceptionPtr@@SA?AV?$shared_ptr@V__ExceptionPtr@@@std@@XZ 10052750     libcpmt:excptptr.obj
 0002:00012774       __unwindtable$?_CopyException@__ExceptionPtr@@SA?AV?$shared_ptr@V__ExceptionPtr@@@std@@PBXPBU_s_ThrowInfo@@_N@Z 10052774     libcpmt:excptptr.obj
 0002:00012784       __tryblocktable$?_CopyException@__ExceptionPtr@@SA?AV?$shared_ptr@V__ExceptionPtr@@@std@@PBXPBU_s_ThrowInfo@@_N@Z 10052784     libcpmt:excptptr.obj
 0002:00012798       __catchsym$?_CopyException@__ExceptionPtr@@SA?AV?$shared_ptr@V__ExceptionPtr@@@std@@PBXPBU_s_ThrowInfo@@_N@Z$4 10052798     libcpmt:excptptr.obj
 0002:000127b8       __ehfuncinfo$?_CopyException@__ExceptionPtr@@SA?AV?$shared_ptr@V__ExceptionPtr@@@std@@PBXPBU_s_ThrowInfo@@_N@Z 100527b8     libcpmt:excptptr.obj
 0002:000127dc       __unwindtable$?_InitBadAllocException@__ExceptionPtr@@CA?AV?$shared_ptr@V__ExceptionPtr@@@std@@XZ 100527dc     libcpmt:excptptr.obj
 0002:000127e4       __ehfuncinfo$?_InitBadAllocException@__ExceptionPtr@@CA?AV?$shared_ptr@V__ExceptionPtr@@@std@@XZ 100527e4     libcpmt:excptptr.obj
 0002:00012808       __catchsym$?_CallCopyCtor@__ExceptionPtr@@ABEXPAX0IQBU_s_CatchableType@@@Z$2 10052808     libcpmt:excptptr.obj
 0002:00012818       __unwindtable$?_CallCopyCtor@__ExceptionPtr@@ABEXPAX0IQBU_s_CatchableType@@@Z 10052818     libcpmt:excptptr.obj
 0002:00012828       __tryblocktable$?_CallCopyCtor@__ExceptionPtr@@ABEXPAX0IQBU_s_CatchableType@@@Z 10052828     libcpmt:excptptr.obj
 0002:0001283c       __ehfuncinfo$?_CallCopyCtor@__ExceptionPtr@@ABEXPAX0IQBU_s_CatchableType@@@Z 1005283c     libcpmt:excptptr.obj
 0002:00012860       __unwindtable$??$make_shared@V__ExceptionPtr@@AAPAUEHExceptionRecord@@_N@std@@YA?AV?$shared_ptr@V__ExceptionPtr@@@0@AAPAUEHExceptionRecord@@$$QA_N@Z 10052860     libcpmt:excptptr.obj
 0002:00012868       __ehfuncinfo$??$make_shared@V__ExceptionPtr@@AAPAUEHExceptionRecord@@_N@std@@YA?AV?$shared_ptr@V__ExceptionPtr@@@0@AAPAUEHExceptionRecord@@$$QA_N@Z 10052868     libcpmt:excptptr.obj
 0002:0001288c       __catchsym$??$allocate_shared@V__ExceptionPtr@@U?$_StaticAllocator@H@@AAPAUEHExceptionRecord@@_N@std@@YA?AV?$shared_ptr@V__ExceptionPtr@@@0@ABU?$_StaticAllocator@H@@AAPAUEHExceptionRecord@@$$QA_N@Z$4 1005288c     libcpmt:excptptr.obj
 0002:0001289c       __tryblocktable$??$allocate_shared@V__ExceptionPtr@@U?$_StaticAllocator@H@@AAPAUEHExceptionRecord@@_N@std@@YA?AV?$shared_ptr@V__ExceptionPtr@@@0@ABU?$_StaticAllocator@H@@AAPAUEHExceptionRecord@@$$QA_N@Z 1005289c     libcpmt:excptptr.obj
 0002:000128b0       __unwindtable$??$allocate_shared@V__ExceptionPtr@@U?$_StaticAllocator@H@@AAPAUEHExceptionRecord@@_N@std@@YA?AV?$shared_ptr@V__ExceptionPtr@@@0@ABU?$_StaticAllocator@H@@AAPAUEHExceptionRecord@@$$QA_N@Z 100528b0     libcpmt:excptptr.obj
 0002:000128c8       __ehfuncinfo$??$allocate_shared@V__ExceptionPtr@@U?$_StaticAllocator@H@@AAPAUEHExceptionRecord@@_N@std@@YA?AV?$shared_ptr@V__ExceptionPtr@@@0@ABU?$_StaticAllocator@H@@AAPAUEHExceptionRecord@@$$QA_N@Z 100528c8     libcpmt:excptptr.obj
 0002:000128ec       __unwindtable$??$?0AAPAUEHExceptionRecord@@_N@?$_Ref_count_obj@V__ExceptionPtr@@@std@@QAE@AAPAUEHExceptionRecord@@$$QA_N@Z 100528ec     libcpmt:excptptr.obj
 0002:000128fc       __ehfuncinfo$??$?0AAPAUEHExceptionRecord@@_N@?$_Ref_count_obj@V__ExceptionPtr@@@std@@QAE@AAPAUEHExceptionRecord@@$$QA_N@Z 100528fc     libcpmt:excptptr.obj
 0002:00012920       __unwindtable$??$?0AAPAUEHExceptionRecord@@_N@?$_Ref_count_obj_alloc@V__ExceptionPtr@@U?$_StaticAllocator@H@@@std@@QAE@ABU?$_StaticAllocator@H@@AAPAUEHExceptionRecord@@$$QA_N@Z 10052920     libcpmt:excptptr.obj
 0002:00012930       __ehfuncinfo$??$?0AAPAUEHExceptionRecord@@_N@?$_Ref_count_obj_alloc@V__ExceptionPtr@@U?$_StaticAllocator@H@@@std@@QAE@ABU?$_StaticAllocator@H@@AAPAUEHExceptionRecord@@$$QA_N@Z 10052930     libcpmt:excptptr.obj
 0002:00012958       __sehtable$??_L@YGXPAXIIP6EX0@Z1@Z 10052958     LIBCMT:ehvecctr.obj
 0002:00012978       __sehtable$__IsNonwritableInCurrentImage 10052978     LIBCMT:pesect.obj
 0002:000137c0       .edata                     100537c0     ads_com.exp
 0002:000137e8       rgpv                       100537e8     ads_com.exp
 0002:000137ec       rgszName                   100537ec     ads_com.exp
 0002:000137f0       rgwOrd                     100537f0     ads_com.exp
 0002:000137f2       szName                     100537f2     ads_com.exp
 0002:000137ff       $N00001                    100537ff     ads_com.exp
 0002:00013a44       .idata$6                   10053a44     kernel32:KERNEL32.dll
 0002:00013abe       .idata$6                   10053abe     TcAdsDll:TcAdsDll.DLL
 0003:00000000       ?init@std@@3JA             10055000     libcpmt:xlock.obj
 0003:00000008       ?atcount_cdecl@@3IA        10055008     libcpmt:iosptrs.obj
 0003:000000a4       ?g_CommitFrequency@details@Concurrency@@3HA 100550a4     libconcrt:utils.obj
 0003:0000010c       ?eventGuidRegistration@?4??_RegisterConcRTEventTracing@details@Concurrency@@YAXXZ@4PAU_TRACE_GUID_REGISTRATION@@A 1005510c     libconcrt:Trace.obj
 0003:00000150       ?__vcrt_flsindex@@3KA      10055150     libvcruntime:per_thread_data.obj
 0003:000001dc       ?errno_no_memory@@3HA      100551dc     libucrt:errno.obj
 0003:000001e0       ?doserrno_no_memory@@3KA   100551e0     libucrt:errno.obj
 0003:000002a0       ?__acrt_flsindex@@3KA      100552a0     libucrt:per_thread_data.obj
 0003:000002a4       __ctype_loc_style          100552a4     libucrt:wsetlocale.obj
 0003:000003b0       ?tzstd_program@@3PADA      100553b0     libucrt:timeset.obj
 0003:000003f0       ?tzdst_program@@3PADA      100553f0     libucrt:timeset.obj
 0003:00000430       ?tzname_states@@3PAY01PADA 10055430     libucrt:timeset.obj
 0003:00000438       __mbctypes                 10055438     libucrt:mbctype.obj
 0003:00000540       __mbcasemaps               10055540     libucrt:mbctype.obj
 0003:00000640       ?__rgctypeflag@@3PADA      10055640     libucrt:mbctype.obj
 0003:00000648       ?__rgcode_page_info@@3PAUcode_page_info@@A 10055648     libucrt:mbctype.obj
 0003:00000a60       ?__dcrt_lowio_console_output_handle@@3PAXA 10055a60     libucrt:initcon.obj
 0003:00000a70       ?_StaticAllocStorageLeft@@3IA 10055a70     libcpmt:excptptr.obj
 0003:00000a80       __module                   10055a80     ads-com.obj
 0003:00002198       ?initlocks@std@@3V_Init_locks@1@A 10057198     libcpmt:xlock.obj
 0003:000021a0       ?mtx@std@@3PAU_RTL_CRITICAL_SECTION@@A 100571a0     libcpmt:xlock.obj
 0003:00002260       ?initlocks@@3V_Init_locks@std@@A 10057260     libcpmt:cout.obj
 0003:00002261       ?init_cout@std@@3U_Init_cout@1@A 10057261     libcpmt:cout.obj
 0003:000022b8       ?fout@std@@3V?$basic_filebuf@DU?$char_traits@D@std@@@1@A 100572b8     libcpmt:cout.obj
 0003:00002324       _global_locale             10057324     libcpmt:locale0.obj
 0003:00002328       ?_Fac_head@std@@3PAU_Fac_node@1@A 10057328     libcpmt:locale0.obj
 0003:00002344       ?classic_locale@std@@3Vlocale@1@A 10057344     libcpmt:locale0.obj
 0003:0000234c       ?_Fac_tidy_reg@std@@3U_Fac_tidy_reg_t@1@B 1005734c     libcpmt:locale0.obj
 0003:0000234d       ?registered@?1??_Setgloballocale@locale@std@@CAXPAX@Z@4_NA 1005734d     libcpmt:locale0.obj
 0003:00002350       ?initlocks@@3V_Init_locks@std@@A 10057350     libcpmt:cerr.obj
 0003:00002351       ?init_cerr@std@@3U_Init_cerr@1@A 10057351     libcpmt:cerr.obj
 0003:000023a8       ?ferr@std@@3V?$basic_filebuf@DU?$char_traits@D@std@@@1@A 100573a8     libcpmt:cerr.obj
 0003:000024ac       ?stdstr@std@@3PAPAVios_base@1@A 100574ac     libcpmt:ios.obj
 0003:000024d4       ?stdopens@std@@3PADA       100574d4     libcpmt:ios.obj
 0003:00002500       ?atfuns_cdecl@@3PAP6AXXZA  10057500     libcpmt:iosptrs.obj
 0003:00002528       ?initlocks@std@@3V_Init_locks@1@A 10057528     libcpmt:iosptrs.obj
 0003:00002529       ?init_atexit@@3U_Init_atexit@@A 10057529     libcpmt:iosptrs.obj
 0003:000025a8       ?_Tss_mutex@@3U_RTL_CRITICAL_SECTION@@A 100575a8     LIBCMT:thread_safe_statics.obj
 0003:000025c0       ?_Tss_cv@@3U_RTL_CONDITION_VARIABLE@@A 100575c0     LIBCMT:thread_safe_statics.obj
 0003:000025c4       ?_Tss_event@@3PAXA         100575c4     LIBCMT:thread_safe_statics.obj
 0003:000025c8       ?encoded_sleep_condition_variable_cs@@3P6GHPAU_RTL_CONDITION_VARIABLE@@PAU_RTL_CRITICAL_SECTION@@K@ZA 100575c8     LIBCMT:thread_safe_statics.obj
 0003:000025cc       ?encoded_wake_all_condition_variable@@3P6GXPAU_RTL_CONDITION_VARIABLE@@@ZA 100575cc     LIBCMT:thread_safe_statics.obj
 0003:000025d8       ?module_local_atexit_table@@3U_onexit_table_t@@A 100575d8     LIBCMT:utility.obj
 0003:000025e4       ?module_local_at_quick_exit_table@@3U_onexit_table_t@@A 100575e4     LIBCMT:utility.obj
 0003:000025f0       ?module_local_atexit_table_initialized@@3_NA 100575f0     LIBCMT:utility.obj
 0003:000025f1       ?is_initialized_as_dll@@3_NA 100575f1     LIBCMT:utility.obj
 0003:000025f4       ?__proc_attached@@3HA      100575f4     LIBCMT:dll_dllmain.obj
 0003:000025f8       _GS_ExceptionRecord        100575f8     LIBCMT:gs_report.obj
 0003:00002648       _GS_ContextRecord          10057648     LIBCMT:gs_report.obj
 0003:00002940       ?s_waiterPool@platform@details@Concurrency@@3PAVWaiterThreadPool@123@A 10057940     libconcrt:Platform.obj
 0003:00002944       ?s_pfnGetCurrentProcessorNumberEx@platform@details@Concurrency@@3P6GXPAU_PROCESSOR_NUMBER@@@ZA 10057944     libconcrt:Platform.obj
 0003:00002948       ?s_pfnSetThreadGroupAffinity@platform@details@Concurrency@@3P6GHPAXPBU_GROUP_AFFINITY@@PAU4@@ZA 10057948     libconcrt:Platform.obj
 0003:0000294c       ?s_pfnGetThreadGroupAffinity@platform@details@Concurrency@@3P6GHPAXPAU_GROUP_AFFINITY@@@ZA 1005794c     libconcrt:Platform.obj
 0003:00002950       ?s_defaultWaiterPool@platform@details@Concurrency@@3VDefaultWaiterPool@123@A 10057950     libconcrt:Platform.obj
 0003:00002958       ?g_TraceInitialized@details@Concurrency@@3_NA 10057958     libconcrt:utils.obj
 0003:0000295c       ?g_DesiredTraceLevel@details@Concurrency@@3HA 1005795c     libconcrt:utils.obj
 0003:00002960       ?g_TraceCount@details@Concurrency@@3_KA 10057960     libconcrt:utils.obj
 0003:00002970       ?g_DebugOutFilePtr@details@Concurrency@@3PAU_iobuf@@A 10057970     libconcrt:utils.obj
 0003:00002a6c       ?module_handles@@3PAPAUHINSTANCE__@@A 10057a6c     libvcruntime:winapi_downlevel.obj
 0003:00002a78       ?encoded_function_pointers@@3PAPAXA 10057a78     libvcruntime:winapi_downlevel.obj
 0003:00002a90       ?__vcrt_startup_thread_ptd@@3U__vcrt_ptd@@A 10057a90     libvcruntime:per_thread_data.obj
 0003:00002ab8       ___vcrt_lock_table         10057ab8     libvcruntime:locks.obj
 0003:00002ad0       ___vcrt_locks_initialized  10057ad0     libvcruntime:locks.obj
 0003:00002afc       ?heap@@3V_HeapManager@@A   10057afc     libvcruntime:undname.obj
 0003:00002b10       ?__acrt_invalid_parameter_handler@@3V?$dual_state_global@P6AXPB_W00II@Z@__crt_state_management@@A 10057b10     libucrt:invalid_parameter.obj
 0003:00002b20       ?__acrt_lock_table@@3PAU_RTL_CRITICAL_SECTION@@A 10057b20     libucrt:locks.obj
 0003:00002c70       ?__acrt_locks_initialized@@3IA 10057c70     libucrt:locks.obj
 0003:00002c80       ?__acrt_new_handler@@3V?$dual_state_global@P6AHI@Z@__crt_state_management@@A 10057c80     libucrt:new_handler.obj
 0003:00002c84       ?c_termination_complete@@3JA 10057c84     libucrt:exit.obj
 0003:00002c88       ?thread_local_exit_callback_func@@3P6GXPAXK0@ZA 10057c88     libucrt:exit.obj
 0003:00002c90       ?program_name@?1???$common_configure_argv@D@@YAHW4_crt_argv_mode@@@Z@4PADA 10057c90     libucrt:argv_parsing.obj
 0003:00002dc0       ?ctrlc_action@@3V?$dual_state_global@P6AXH@Z@__crt_state_management@@A 10057dc0     libucrt:signal.obj
 0003:00002dc4       ?ctrlbreak_action@@3V?$dual_state_global@P6AXH@Z@__crt_state_management@@A 10057dc4     libucrt:signal.obj
 0003:00002dc8       ?abort_action@@3V?$dual_state_global@P6AXH@Z@__crt_state_management@@A 10057dc8     libucrt:signal.obj
 0003:00002dcc       ?term_action@@3V?$dual_state_global@P6AXH@Z@__crt_state_management@@A 10057dcc     libucrt:signal.obj
 0003:00002dd0       ?enable_percent_n@@3IA     10057dd0     libucrt:printf_count_output.obj
 0003:00002fec       ?__acrt_app_type@@3W4_crt_app_type@@A 10057fec     libucrt:report_runtime_error.obj
 0003:00002ff0       ___acrt_error_mode         10057ff0     libucrt:set_error_mode.obj
 0003:00002ff4       ?__acrt_global_new_mode@@3V?$dual_state_global@J@__crt_state_management@@A 10057ff4     libucrt:new_mode.obj
 0003:00003000       ?module_handles@@3PAPAUHINSTANCE__@@A 10058000     libucrt:winapi_thunks.obj
 0003:00003050       ?encoded_function_pointers@@3PAPAXA 10058050     libucrt:winapi_thunks.obj
 0003:000030d8       ?static_enum_proc@?1??enum_system_locales_ex_nolock@@YAHQ6GHPA_WKJ@Z@Z@4P6GH0KJ@ZA 100580d8     libucrt:winapi_thunks.obj
 0003:000030ec       ?_tzname@@3V?$dual_state_global@PAPAD@__crt_state_management@@A 100580ec     libucrt:timeset.obj
 0003:000030f0       ?tz_api_used@@3HA          100580f0     libucrt:tzset.obj
 0003:000030f8       ?tz_info@@3U_TIME_ZONE_INFORMATION@@A 100580f8     libucrt:tzset.obj
 0003:000031a4       ?state_cache@?1???$get_cached_win_policy@Udeveloper_information_policy_properties@?1??__acrt_get_developer_information_policy@@YA?AW4developer_information_policy@@XZ@@@YA?AW4developer_information_policy@@W4AppPolicyShowDeveloperDiagnostic@@@Z@4JA 100581a4     libucrt:win_policies.obj
 0003:000031a8       ?state_cache@?1???$get_cached_win_policy@Uwindowing_model_policy_properties@?1??__acrt_get_windowing_model_policy@@YA?AW4windowing_model_policy@@XZ@@@YA?AW4windowing_model_policy@@W4AppPolicyWindowingModel@@@Z@4JA 100581a8     libucrt:win_policies.obj
 0003:000031b8       ?fSystemSet@@3HA           100581b8     libucrt:mbctype.obj
 0003:000031bc       ?initialized@?1??__acrt_initialize_multibyte@@9@4_NA 100581bc     libucrt:mbctype.obj
 0003:000031d8       ?user_matherr@@3V?$dual_state_global@P6AHPAU_exception@@@Z@__crt_state_management@@A 100581d8     libucrt:matherr.obj
 0003:000031dc       __pmatherr_set             100581dc     libucrt:libm_error.obj
 0003:000031fc       ?s_asyncId@platform@details@Concurrency@@3IA 100581fc     libcpmt:ppltasks.obj
 0003:00003208       ?_StaticAllocStorage@@3PADA 10058208     libcpmt:excptptr.obj
 0004:00000060       $R000000                   10059060     * linker generated manifest res *

 Exports

  ordinal    name

        1    __register_ads_com_
               exported name: _register_ads_com_
